            bash-1391  [003]   109.495895: scmi_xfer_begin:      transfer_id=1376 msg_id=6 protocol_id=21 seq=0 poll=0
            bash-1391  [003]   109.496557: scmi_xfer_end:        transfer_id=1376 msg_id=6 protocol_id=21 seq=0 status=0
            bash-1391  [003]   109.496748: scmi_xfer_begin:      transfer_id=1377 msg_id=6 protocol_id=21 seq=0 poll=0
            bash-1391  [003]   109.497535: scmi_xfer_end:        transfer_id=1377 msg_id=6 protocol_id=21 seq=0 status=0
            bash-1391  [003]   109.497714: scmi_xfer_begin:      transfer_id=1378 msg_id=6 protocol_id=21 seq=0 poll=0
            bash-1391  [003]   109.498326: scmi_xfer_end:        transfer_id=1378 msg_id=6 protocol_id=21 seq=0 status=0
            bash-1391  [003]   109.498538: scmi_xfer_begin:      transfer_id=1379 msg_id=6 protocol_id=21 seq=0 poll=0
            bash-1391  [003]   109.498731: scmi_xfer_end:        transfer_id=1379 msg_id=6 protocol_id=21 seq=0 status=0
            bash-1391  [003]   109.498909: scmi_xfer_begin:      transfer_id=1380 msg_id=6 protocol_id=21 seq=0 poll=0
            bash-1391  [003]   109.499139: scmi_xfer_end:        transfer_id=1380 msg_id=6 protocol_id=21 seq=0 status=0
            bash-1391  [003]   109.499317: scmi_xfer_begin:      transfer_id=1381 msg_id=6 protocol_id=21 seq=0 poll=0
            bash-1391  [003]   109.499546: scmi_xfer_end:        transfer_id=1381 msg_id=6 protocol_id=21 seq=0 status=0
            bash-1391  [003]   109.499723: scmi_xfer_begin:      transfer_id=1382 msg_id=6 protocol_id=21 seq=0 poll=0
            bash-1391  [003]   109.499951: scmi_xfer_end:        transfer_id=1382 msg_id=6 protocol_id=21 seq=0 status=0
            bash-1391  [003]   109.500164: scmi_xfer_begin:      transfer_id=1383 msg_id=6 protocol_id=21 seq=0 poll=0
            bash-1391  [003]   109.500358: scmi_xfer_end:        transfer_id=1383 msg_id=6 protocol_id=21 seq=0 status=0
            bash-1391  [003]   109.500533: scmi_xfer_begin:      transfer_id=1384 msg_id=6 protocol_id=21 seq=0 poll=0
            bash-1391  [003]   109.500769: scmi_xfer_end:        transfer_id=1384 msg_id=6 protocol_id=21 seq=0 status=0
            bash-1391  [003]   109.500952: scmi_xfer_begin:      transfer_id=1385 msg_id=6 protocol_id=21 seq=0 poll=0
            bash-1391  [003]   109.501082: scmi_xfer_end:        transfer_id=1385 msg_id=6 protocol_id=21 seq=0 status=0
            bash-1391  [003]   109.501262: scmi_xfer_begin:      transfer_id=1386 msg_id=6 protocol_id=21 seq=0 poll=0
            bash-1391  [003]   109.501327: scmi_xfer_end:        transfer_id=1386 msg_id=6 protocol_id=21 seq=0 status=0
            bash-1391  [003]   109.501538: scmi_xfer_begin:      transfer_id=1387 msg_id=6 protocol_id=21 seq=0 poll=0
            bash-1391  [003]   109.501943: scmi_xfer_end:        transfer_id=1387 msg_id=6 protocol_id=21 seq=0 status=0
            bash-1391  [003]   109.502118: scmi_xfer_begin:      transfer_id=1388 msg_id=6 protocol_id=21 seq=0 poll=0
          <idle>-0     [003]   109.502519: scmi_xfer_begin:      transfer_id=1389 msg_id=7 protocol_id=19 seq=1 poll=1
          <idle>-0     [003]   109.502573: scmi_xfer_end:        transfer_id=1389 msg_id=7 protocol_id=19 seq=1 status=0
            bash-1391  [003]   109.502585: scmi_xfer_end:        transfer_id=1388 msg_id=6 protocol_id=21 seq=0 status=0
            bash-1391  [003]   109.502889: scmi_xfer_begin:      transfer_id=1390 msg_id=6 protocol_id=21 seq=0 poll=0
 irq/14-mhu_link-190   [001]   109.503528: scmi_xfer_begin:      transfer_id=1391 msg_id=7 protocol_id=19 seq=1 poll=1
            bash-1391  [003]   109.503545: scmi_xfer_end:        transfer_id=1390 msg_id=6 protocol_id=21 seq=0 status=0
 irq/14-mhu_link-190   [001]   109.503580: scmi_xfer_end:        transfer_id=1391 msg_id=7 protocol_id=19 seq=1 status=0
            bash-1391  [003]   109.503852: scmi_xfer_begin:      transfer_id=1392 msg_id=6 protocol_id=21 seq=0 poll=0
            bash-1391  [003]   109.504073: scmi_xfer_end:        transfer_id=1392 msg_id=6 protocol_id=21 seq=0 status=0
            bash-1391  [003]   109.504380: scmi_xfer_begin:      transfer_id=1393 msg_id=6 protocol_id=21 seq=0 poll=0
            bash-1391  [003]   109.504740: scmi_xfer_end:        transfer_id=1393 msg_id=6 protocol_id=21 seq=0 status=0
            bash-1391  [003]   109.505055: scmi_xfer_begin:      transfer_id=1394 msg_id=6 protocol_id=21 seq=0 poll=0
            bash-1391  [003]   109.505310: scmi_xfer_end:        transfer_id=1394 msg_id=6 protocol_id=21 seq=0 status=0
            bash-1391  [003]   109.505616: scmi_xfer_begin:      transfer_id=1395 msg_id=6 protocol_id=21 seq=0 poll=0
            bash-1391  [003]   109.505895: scmi_xfer_end:        transfer_id=1395 msg_id=6 protocol_id=21 seq=0 status=0
          <idle>-0     [004]   109.512728: scmi_xfer_begin:      transfer_id=1396 msg_id=7 protocol_id=19 seq=0 poll=1
          <idle>-0     [004]   109.512792: scmi_xfer_end:        transfer_id=1396 msg_id=7 protocol_id=19 seq=0 status=0
     kworker/0:3-1180  [000]   109.908949: scmi_xfer_begin:      transfer_id=1397 msg_id=7 protocol_id=19 seq=0 poll=1
     kworker/0:3-1180  [000]   109.909011: scmi_xfer_end:        transfer_id=1397 msg_id=7 protocol_id=19 seq=0 status=0
          <idle>-0     [004]   110.512012: scmi_xfer_begin:      transfer_id=1398 msg_id=7 protocol_id=19 seq=0 poll=1
          <idle>-0     [004]   110.512079: scmi_xfer_end:        transfer_id=1398 msg_id=7 protocol_id=19 seq=0 status=0
            bash-1391  [003]   110.513805: scmi_xfer_begin:      transfer_id=1399 msg_id=6 protocol_id=21 seq=0 poll=0
          <idle>-0     [001]   110.513985: scmi_xfer_begin:      transfer_id=1400 msg_id=7 protocol_id=19 seq=1 poll=1
          <idle>-0     [001]   110.514043: scmi_xfer_end:        transfer_id=1400 msg_id=7 protocol_id=19 seq=1 status=0
            bash-1391  [003]   110.514106: scmi_xfer_end:        transfer_id=1399 msg_id=6 protocol_id=21 seq=0 status=0
            bash-1391  [003]   110.514304: scmi_xfer_begin:      transfer_id=1401 msg_id=6 protocol_id=21 seq=0 poll=0
            bash-1391  [003]   110.514636: scmi_xfer_end:        transfer_id=1401 msg_id=6 protocol_id=21 seq=0 status=0
            bash-1391  [003]   110.514830: scmi_xfer_begin:      transfer_id=1402 msg_id=6 protocol_id=21 seq=0 poll=0
            bash-1391  [003]   110.515170: scmi_xfer_end:        transfer_id=1402 msg_id=6 protocol_id=21 seq=0 status=0
            bash-1391  [003]   110.515347: scmi_xfer_begin:      transfer_id=1403 msg_id=6 protocol_id=21 seq=0 poll=0
            bash-1391  [003]   110.515684: scmi_xfer_end:        transfer_id=1403 msg_id=6 protocol_id=21 seq=0 status=0
            bash-1391  [003]   110.515895: scmi_xfer_begin:      transfer_id=1404 msg_id=6 protocol_id=21 seq=0 poll=0
            bash-1391  [003]   110.516523: scmi_xfer_end:        transfer_id=1404 msg_id=6 protocol_id=21 seq=0 status=0
            bash-1391  [003]   110.516710: scmi_xfer_begin:      transfer_id=1405 msg_id=6 protocol_id=21 seq=0 poll=0
            bash-1391  [003]   110.517436: scmi_xfer_end:        transfer_id=1405 msg_id=6 protocol_id=21 seq=0 status=0
            bash-1391  [003]   110.517608: scmi_xfer_begin:      transfer_id=1406 msg_id=6 protocol_id=21 seq=0 poll=0
            bash-1391  [003]   110.518244: scmi_xfer_end:        transfer_id=1406 msg_id=6 protocol_id=21 seq=0 status=0
            bash-1391  [003]   110.518422: scmi_xfer_begin:      transfer_id=1407 msg_id=6 protocol_id=21 seq=0 poll=0
            bash-1391  [003]   110.519036: scmi_xfer_end:        transfer_id=1407 msg_id=6 protocol_id=21 seq=0 status=0
            bash-1391  [003]   110.519254: scmi_xfer_begin:      transfer_id=1408 msg_id=6 protocol_id=21 seq=0 poll=0
            bash-1391  [003]   110.519444: scmi_xfer_end:        transfer_id=1408 msg_id=6 protocol_id=21 seq=0 status=0
            bash-1391  [003]   110.519621: scmi_xfer_begin:      transfer_id=1409 msg_id=6 protocol_id=21 seq=0 poll=0
            bash-1391  [003]   110.519848: scmi_xfer_end:        transfer_id=1409 msg_id=6 protocol_id=21 seq=0 status=0
            bash-1391  [003]   110.520025: scmi_xfer_begin:      transfer_id=1410 msg_id=6 protocol_id=21 seq=0 poll=0
            bash-1391  [003]   110.520252: scmi_xfer_end:        transfer_id=1410 msg_id=6 protocol_id=21 seq=0 status=0
            bash-1391  [003]   110.520424: scmi_xfer_begin:      transfer_id=1411 msg_id=6 protocol_id=21 seq=0 poll=0
            bash-1391  [003]   110.520690: scmi_xfer_end:        transfer_id=1411 msg_id=6 protocol_id=21 seq=0 status=0
            bash-1391  [003]   110.520900: scmi_xfer_begin:      transfer_id=1412 msg_id=6 protocol_id=21 seq=0 poll=0
            bash-1391  [003]   110.521097: scmi_xfer_end:        transfer_id=1412 msg_id=6 protocol_id=21 seq=0 status=0
            bash-1391  [003]   110.521270: scmi_xfer_begin:      transfer_id=1413 msg_id=6 protocol_id=21 seq=0 poll=0
            bash-1391  [003]   110.521505: scmi_xfer_end:        transfer_id=1413 msg_id=6 protocol_id=21 seq=0 status=0
            bash-1391  [003]   110.521682: scmi_xfer_begin:      transfer_id=1414 msg_id=6 protocol_id=21 seq=0 poll=0
            bash-1391  [003]   110.521748: scmi_xfer_end:        transfer_id=1414 msg_id=6 protocol_id=21 seq=0 status=0
            bash-1391  [003]   110.521927: scmi_xfer_begin:      transfer_id=1415 msg_id=6 protocol_id=21 seq=0 poll=0
            bash-1391  [003]   110.521992: scmi_xfer_end:        transfer_id=1415 msg_id=6 protocol_id=21 seq=0 status=0
            bash-1391  [003]   110.522206: scmi_xfer_begin:      transfer_id=1416 msg_id=6 protocol_id=21 seq=0 poll=0
          <idle>-0     [003]   110.522607: scmi_xfer_begin:      transfer_id=1417 msg_id=7 protocol_id=19 seq=1 poll=1
          <idle>-0     [003]   110.522661: scmi_xfer_end:        transfer_id=1417 msg_id=7 protocol_id=19 seq=1 status=0
            bash-1391  [003]   110.522673: scmi_xfer_end:        transfer_id=1416 msg_id=6 protocol_id=21 seq=0 status=0
            bash-1391  [003]   110.522987: scmi_xfer_begin:      transfer_id=1418 msg_id=6 protocol_id=21 seq=0 poll=0
            bash-1391  [003]   110.523440: scmi_xfer_end:        transfer_id=1418 msg_id=6 protocol_id=21 seq=0 status=0
            bash-1391  [003]   110.523746: scmi_xfer_begin:      transfer_id=1419 msg_id=6 protocol_id=21 seq=0 poll=0
 irq/14-mhu_link-190   [001]   110.524146: scmi_xfer_begin:      transfer_id=1420 msg_id=7 protocol_id=19 seq=1 poll=1
            bash-1391  [003]   110.524165: scmi_xfer_end:        transfer_id=1419 msg_id=6 protocol_id=21 seq=0 status=0
 irq/14-mhu_link-190   [001]   110.524198: scmi_xfer_end:        transfer_id=1420 msg_id=7 protocol_id=19 seq=1 status=0
            bash-1391  [003]   110.524464: scmi_xfer_begin:      transfer_id=1421 msg_id=6 protocol_id=21 seq=0 poll=0
            bash-1391  [003]   110.524914: scmi_xfer_end:        transfer_id=1421 msg_id=6 protocol_id=21 seq=0 status=0
            bash-1391  [003]   110.525220: scmi_xfer_begin:      transfer_id=1422 msg_id=6 protocol_id=21 seq=0 poll=0
            bash-1391  [003]   110.525495: scmi_xfer_end:        transfer_id=1422 msg_id=6 protocol_id=21 seq=0 status=0
            bash-1391  [003]   110.525810: scmi_xfer_begin:      transfer_id=1423 msg_id=6 protocol_id=21 seq=0 poll=0
            bash-1391  [003]   110.526080: scmi_xfer_end:        transfer_id=1423 msg_id=6 protocol_id=21 seq=0 status=0
            bash-1391  [003]   110.526389: scmi_xfer_begin:      transfer_id=1424 msg_id=6 protocol_id=21 seq=0 poll=0
            bash-1391  [003]   110.526660: scmi_xfer_end:        transfer_id=1424 msg_id=6 protocol_id=21 seq=0 status=0
          <idle>-0     [003]   110.536525: scmi_xfer_begin:      transfer_id=1425 msg_id=7 protocol_id=19 seq=0 poll=1
          <idle>-0     [003]   110.536588: scmi_xfer_end:        transfer_id=1425 msg_id=7 protocol_id=19 seq=0 status=0
          <idle>-0     [004]   110.548655: scmi_xfer_begin:      transfer_id=1426 msg_id=7 protocol_id=19 seq=0 poll=1
          <idle>-0     [004]   110.548761: scmi_xfer_end:        transfer_id=1426 msg_id=7 protocol_id=19 seq=0 status=0
      irqbalance-540   [003]   111.115371: scmi_xfer_begin:      transfer_id=1427 msg_id=7 protocol_id=19 seq=0 poll=1
      irqbalance-540   [003]   111.115438: scmi_xfer_end:        transfer_id=1427 msg_id=7 protocol_id=19 seq=0 status=0
          <idle>-0     [005]   111.128404: scmi_xfer_begin:      transfer_id=1428 msg_id=7 protocol_id=19 seq=0 poll=1
          <idle>-0     [005]   111.128493: scmi_xfer_end:        transfer_id=1428 msg_id=7 protocol_id=19 seq=0 status=0
          <idle>-0     [004]   111.532936: scmi_xfer_begin:      transfer_id=1429 msg_id=7 protocol_id=19 seq=0 poll=1
          <idle>-0     [004]   111.533004: scmi_xfer_end:        transfer_id=1429 msg_id=7 protocol_id=19 seq=0 status=0
            bash-1391  [003]   111.534670: scmi_xfer_begin:      transfer_id=1430 msg_id=6 protocol_id=21 seq=0 poll=0
          <idle>-0     [001]   111.534844: scmi_xfer_begin:      transfer_id=1431 msg_id=7 protocol_id=19 seq=1 poll=1
          <idle>-0     [001]   111.534902: scmi_xfer_end:        transfer_id=1431 msg_id=7 protocol_id=19 seq=1 status=0
            bash-1391  [004]   111.534969: scmi_xfer_end:        transfer_id=1430 msg_id=6 protocol_id=21 seq=0 status=0
            bash-1391  [004]   111.535185: scmi_xfer_begin:      transfer_id=1432 msg_id=6 protocol_id=21 seq=0 poll=0
            bash-1391  [004]   111.535497: scmi_xfer_end:        transfer_id=1432 msg_id=6 protocol_id=21 seq=0 status=0
            bash-1391  [004]   111.535694: scmi_xfer_begin:      transfer_id=1433 msg_id=6 protocol_id=21 seq=0 poll=0
            bash-1391  [004]   111.536030: scmi_xfer_end:        transfer_id=1433 msg_id=6 protocol_id=21 seq=0 status=0
            bash-1391  [004]   111.536211: scmi_xfer_begin:      transfer_id=1434 msg_id=6 protocol_id=21 seq=0 poll=0
            bash-1391  [003]   111.536639: scmi_xfer_end:        transfer_id=1434 msg_id=6 protocol_id=21 seq=0 status=0
            bash-1391  [003]   111.536866: scmi_xfer_begin:      transfer_id=1435 msg_id=6 protocol_id=21 seq=0 poll=0
            bash-1391  [003]   111.537461: scmi_xfer_end:        transfer_id=1435 msg_id=6 protocol_id=21 seq=0 status=0
            bash-1391  [003]   111.537651: scmi_xfer_begin:      transfer_id=1436 msg_id=6 protocol_id=21 seq=0 poll=0
            bash-1391  [003]   111.538299: scmi_xfer_end:        transfer_id=1436 msg_id=6 protocol_id=21 seq=0 status=0
            bash-1391  [003]   111.538471: scmi_xfer_begin:      transfer_id=1437 msg_id=6 protocol_id=21 seq=0 poll=0
            bash-1391  [003]   111.539108: scmi_xfer_end:        transfer_id=1437 msg_id=6 protocol_id=21 seq=0 status=0
            bash-1391  [003]   111.539279: scmi_xfer_begin:      transfer_id=1438 msg_id=6 protocol_id=21 seq=0 poll=0
            bash-1391  [003]   111.539900: scmi_xfer_end:        transfer_id=1438 msg_id=6 protocol_id=21 seq=0 status=0
            bash-1391  [003]   111.540113: scmi_xfer_begin:      transfer_id=1439 msg_id=6 protocol_id=21 seq=0 poll=0
            bash-1391  [003]   111.540333: scmi_xfer_end:        transfer_id=1439 msg_id=6 protocol_id=21 seq=0 status=0
            bash-1391  [003]   111.540514: scmi_xfer_begin:      transfer_id=1440 msg_id=6 protocol_id=21 seq=0 poll=0
            bash-1391  [003]   111.540711: scmi_xfer_end:        transfer_id=1440 msg_id=6 protocol_id=21 seq=0 status=0
            bash-1391  [003]   111.540890: scmi_xfer_begin:      transfer_id=1441 msg_id=6 protocol_id=21 seq=0 poll=0
            bash-1391  [003]   111.541118: scmi_xfer_end:        transfer_id=1441 msg_id=6 protocol_id=21 seq=0 status=0
            bash-1391  [003]   111.541293: scmi_xfer_begin:      transfer_id=1442 msg_id=6 protocol_id=21 seq=0 poll=0
            bash-1391  [003]   111.541515: scmi_xfer_end:        transfer_id=1442 msg_id=6 protocol_id=21 seq=0 status=0
            bash-1391  [003]   111.541732: scmi_xfer_begin:      transfer_id=1443 msg_id=6 protocol_id=21 seq=0 poll=0
            bash-1391  [003]   111.541917: scmi_xfer_end:        transfer_id=1443 msg_id=6 protocol_id=21 seq=0 status=0
            bash-1391  [003]   111.542092: scmi_xfer_begin:      transfer_id=1444 msg_id=6 protocol_id=21 seq=0 poll=0
            bash-1391  [003]   111.542237: scmi_xfer_end:        transfer_id=1444 msg_id=6 protocol_id=21 seq=0 status=0
            bash-1391  [003]   111.542414: scmi_xfer_begin:      transfer_id=1445 msg_id=6 protocol_id=21 seq=0 poll=0
            bash-1391  [003]   111.542480: scmi_xfer_end:        transfer_id=1445 msg_id=6 protocol_id=21 seq=0 status=0
            bash-1391  [003]   111.542657: scmi_xfer_begin:      transfer_id=1446 msg_id=6 protocol_id=21 seq=0 poll=0
            bash-1391  [003]   111.542722: scmi_xfer_end:        transfer_id=1446 msg_id=6 protocol_id=21 seq=0 status=0
            bash-1391  [003]   111.542933: scmi_xfer_begin:      transfer_id=1447 msg_id=6 protocol_id=21 seq=0 poll=0
          <idle>-0     [003]   111.543334: scmi_xfer_begin:      transfer_id=1448 msg_id=7 protocol_id=19 seq=1 poll=1
          <idle>-0     [003]   111.543388: scmi_xfer_end:        transfer_id=1448 msg_id=7 protocol_id=19 seq=1 status=0
            bash-1391  [003]   111.543400: scmi_xfer_end:        transfer_id=1447 msg_id=6 protocol_id=21 seq=0 status=0
            bash-1391  [003]   111.543713: scmi_xfer_begin:      transfer_id=1449 msg_id=6 protocol_id=21 seq=0 poll=0
            bash-1391  [003]   111.544167: scmi_xfer_end:        transfer_id=1449 msg_id=6 protocol_id=21 seq=0 status=0
            bash-1391  [003]   111.544498: scmi_xfer_begin:      transfer_id=1450 msg_id=6 protocol_id=21 seq=0 poll=0
 irq/14-mhu_link-190   [001]   111.545148: scmi_xfer_begin:      transfer_id=1451 msg_id=7 protocol_id=19 seq=1 poll=1
            bash-1391  [003]   111.545163: scmi_xfer_end:        transfer_id=1450 msg_id=6 protocol_id=21 seq=0 status=0
 irq/14-mhu_link-190   [001]   111.545201: scmi_xfer_end:        transfer_id=1451 msg_id=7 protocol_id=19 seq=1 status=0
            bash-1391  [003]   111.545470: scmi_xfer_begin:      transfer_id=1452 msg_id=6 protocol_id=21 seq=0 poll=0
            bash-1391  [003]   111.545862: scmi_xfer_end:        transfer_id=1452 msg_id=6 protocol_id=21 seq=0 status=0
            bash-1391  [003]   111.546178: scmi_xfer_begin:      transfer_id=1453 msg_id=6 protocol_id=21 seq=0 poll=0
            bash-1391  [003]   111.546445: scmi_xfer_end:        transfer_id=1453 msg_id=6 protocol_id=21 seq=0 status=0
            bash-1391  [003]   111.546756: scmi_xfer_begin:      transfer_id=1454 msg_id=6 protocol_id=21 seq=0 poll=0
            bash-1391  [003]   111.547025: scmi_xfer_end:        transfer_id=1454 msg_id=6 protocol_id=21 seq=0 status=0
            bash-1391  [003]   111.547331: scmi_xfer_begin:      transfer_id=1455 msg_id=6 protocol_id=21 seq=0 poll=0
            bash-1391  [003]   111.547419: scmi_xfer_end:        transfer_id=1455 msg_id=6 protocol_id=21 seq=0 status=0
          <idle>-0     [004]   111.556350: scmi_xfer_begin:      transfer_id=1456 msg_id=7 protocol_id=19 seq=0 poll=1
          <idle>-0     [004]   111.556414: scmi_xfer_end:        transfer_id=1456 msg_id=7 protocol_id=19 seq=0 status=0
          <idle>-0     [004]   111.572465: scmi_xfer_begin:      transfer_id=1457 msg_id=7 protocol_id=19 seq=0 poll=1
          <idle>-0     [004]   111.572570: scmi_xfer_end:        transfer_id=1457 msg_id=7 protocol_id=19 seq=0 status=0
          <idle>-0     [004]   112.553812: scmi_xfer_begin:      transfer_id=1458 msg_id=7 protocol_id=19 seq=0 poll=1
          <idle>-0     [004]   112.553879: scmi_xfer_end:        transfer_id=1458 msg_id=7 protocol_id=19 seq=0 status=0
            bash-1391  [003]   112.555578: scmi_xfer_begin:      transfer_id=1459 msg_id=6 protocol_id=21 seq=0 poll=0
          <idle>-0     [001]   112.555751: scmi_xfer_begin:      transfer_id=1460 msg_id=7 protocol_id=19 seq=1 poll=1
          <idle>-0     [001]   112.555810: scmi_xfer_end:        transfer_id=1460 msg_id=7 protocol_id=19 seq=1 status=0
            bash-1391  [003]   112.555872: scmi_xfer_end:        transfer_id=1459 msg_id=6 protocol_id=21 seq=0 status=0
            bash-1391  [003]   112.556068: scmi_xfer_begin:      transfer_id=1461 msg_id=6 protocol_id=21 seq=0 poll=0
            bash-1391  [003]   112.556499: scmi_xfer_end:        transfer_id=1461 msg_id=6 protocol_id=21 seq=0 status=0
            bash-1391  [003]   112.556706: scmi_xfer_begin:      transfer_id=1462 msg_id=6 protocol_id=21 seq=0 poll=0
            bash-1391  [003]   112.556996: scmi_xfer_end:        transfer_id=1462 msg_id=6 protocol_id=21 seq=0 status=0
            bash-1391  [003]   112.557176: scmi_xfer_begin:      transfer_id=1463 msg_id=6 protocol_id=21 seq=0 poll=0
            bash-1391  [003]   112.557491: scmi_xfer_end:        transfer_id=1463 msg_id=6 protocol_id=21 seq=0 status=0
            bash-1391  [003]   112.557698: scmi_xfer_begin:      transfer_id=1464 msg_id=6 protocol_id=21 seq=0 poll=0
            bash-1391  [003]   112.558307: scmi_xfer_end:        transfer_id=1464 msg_id=6 protocol_id=21 seq=0 status=0
            bash-1391  [003]   112.558494: scmi_xfer_begin:      transfer_id=1465 msg_id=6 protocol_id=21 seq=0 poll=0
            bash-1391  [003]   112.559143: scmi_xfer_end:        transfer_id=1465 msg_id=6 protocol_id=21 seq=0 status=0
            bash-1391  [003]   112.559319: scmi_xfer_begin:      transfer_id=1466 msg_id=6 protocol_id=21 seq=0 poll=0
            bash-1391  [003]   112.559954: scmi_xfer_end:        transfer_id=1466 msg_id=6 protocol_id=21 seq=0 status=0
            bash-1391  [003]   112.560157: scmi_xfer_begin:      transfer_id=1467 msg_id=6 protocol_id=21 seq=0 poll=0
            bash-1391  [003]   112.560794: scmi_xfer_end:        transfer_id=1467 msg_id=6 protocol_id=21 seq=0 status=0
            bash-1391  [003]   112.561008: scmi_xfer_begin:      transfer_id=1468 msg_id=6 protocol_id=21 seq=0 poll=0
            bash-1391  [003]   112.561202: scmi_xfer_end:        transfer_id=1468 msg_id=6 protocol_id=21 seq=0 status=0
            bash-1391  [003]   112.561381: scmi_xfer_begin:      transfer_id=1469 msg_id=6 protocol_id=21 seq=0 poll=0
            bash-1391  [003]   112.561607: scmi_xfer_end:        transfer_id=1469 msg_id=6 protocol_id=21 seq=0 status=0
            bash-1391  [003]   112.561783: scmi_xfer_begin:      transfer_id=1470 msg_id=6 protocol_id=21 seq=0 poll=0
            bash-1391  [003]   112.562015: scmi_xfer_end:        transfer_id=1470 msg_id=6 protocol_id=21 seq=0 status=0
            bash-1391  [003]   112.562188: scmi_xfer_begin:      transfer_id=1471 msg_id=6 protocol_id=21 seq=0 poll=0
            bash-1391  [003]   112.562419: scmi_xfer_end:        transfer_id=1471 msg_id=6 protocol_id=21 seq=0 status=0
            bash-1391  [003]   112.562636: scmi_xfer_begin:      transfer_id=1472 msg_id=6 protocol_id=21 seq=0 poll=0
            bash-1391  [003]   112.562827: scmi_xfer_end:        transfer_id=1472 msg_id=6 protocol_id=21 seq=0 status=0
            bash-1391  [003]   112.563005: scmi_xfer_begin:      transfer_id=1473 msg_id=6 protocol_id=21 seq=0 poll=0
            bash-1391  [003]   112.563236: scmi_xfer_end:        transfer_id=1473 msg_id=6 protocol_id=21 seq=0 status=0
            bash-1391  [003]   112.563412: scmi_xfer_begin:      transfer_id=1474 msg_id=6 protocol_id=21 seq=0 poll=0
            bash-1391  [003]   112.563479: scmi_xfer_end:        transfer_id=1474 msg_id=6 protocol_id=21 seq=0 status=0
            bash-1391  [003]   112.563659: scmi_xfer_begin:      transfer_id=1475 msg_id=6 protocol_id=21 seq=0 poll=0
            bash-1391  [003]   112.563724: scmi_xfer_end:        transfer_id=1475 msg_id=6 protocol_id=21 seq=0 status=0
            bash-1391  [003]   112.563936: scmi_xfer_begin:      transfer_id=1476 msg_id=6 protocol_id=21 seq=0 poll=0
          <idle>-0     [004]   112.564215: scmi_xfer_begin:      transfer_id=1477 msg_id=7 protocol_id=19 seq=1 poll=1
          <idle>-0     [004]   112.564270: scmi_xfer_end:        transfer_id=1477 msg_id=7 protocol_id=19 seq=1 status=0
            bash-1391  [003]   112.564753: scmi_xfer_end:        transfer_id=1476 msg_id=6 protocol_id=21 seq=0 status=0
            bash-1391  [003]   112.565064: scmi_xfer_begin:      transfer_id=1478 msg_id=6 protocol_id=21 seq=0 poll=0
            bash-1391  [003]   112.565483: scmi_xfer_end:        transfer_id=1478 msg_id=6 protocol_id=21 seq=0 status=0
            bash-1391  [003]   112.565782: scmi_xfer_begin:      transfer_id=1479 msg_id=6 protocol_id=21 seq=0 poll=0
 irq/14-mhu_link-190   [001]   112.566310: scmi_xfer_begin:      transfer_id=1480 msg_id=7 protocol_id=19 seq=1 poll=1
            bash-1391  [003]   112.566327: scmi_xfer_end:        transfer_id=1479 msg_id=6 protocol_id=21 seq=0 status=0
 irq/14-mhu_link-190   [001]   112.566364: scmi_xfer_end:        transfer_id=1480 msg_id=7 protocol_id=19 seq=1 status=0
            bash-1391  [003]   112.566627: scmi_xfer_begin:      transfer_id=1481 msg_id=6 protocol_id=21 seq=0 poll=0
            bash-1391  [003]   112.567023: scmi_xfer_end:        transfer_id=1481 msg_id=6 protocol_id=21 seq=0 status=0
            bash-1391  [003]   112.567330: scmi_xfer_begin:      transfer_id=1482 msg_id=6 protocol_id=21 seq=0 poll=0
            bash-1391  [003]   112.567609: scmi_xfer_end:        transfer_id=1482 msg_id=6 protocol_id=21 seq=0 status=0
            bash-1391  [003]   112.567926: scmi_xfer_begin:      transfer_id=1483 msg_id=6 protocol_id=21 seq=0 poll=0
            bash-1391  [003]   112.568213: scmi_xfer_end:        transfer_id=1483 msg_id=6 protocol_id=21 seq=0 status=0
            bash-1391  [003]   112.568526: scmi_xfer_begin:      transfer_id=1484 msg_id=6 protocol_id=21 seq=0 poll=0
            bash-1391  [003]   112.568802: scmi_xfer_end:        transfer_id=1484 msg_id=6 protocol_id=21 seq=0 status=0
          <idle>-0     [003]   112.576154: scmi_xfer_begin:      transfer_id=1485 msg_id=7 protocol_id=19 seq=0 poll=1
          <idle>-0     [003]   112.576217: scmi_xfer_end:        transfer_id=1485 msg_id=7 protocol_id=19 seq=0 status=0
          <idle>-0     [004]   112.592211: scmi_xfer_begin:      transfer_id=1486 msg_id=7 protocol_id=19 seq=0 poll=1
          <idle>-0     [004]   112.592305: scmi_xfer_end:        transfer_id=1486 msg_id=7 protocol_id=19 seq=0 status=0
          <idle>-0     [004]   113.574961: scmi_xfer_begin:      transfer_id=1487 msg_id=7 protocol_id=19 seq=0 poll=1
          <idle>-0     [004]   113.575029: scmi_xfer_end:        transfer_id=1487 msg_id=7 protocol_id=19 seq=0 status=0
            bash-1391  [003]   113.576843: scmi_xfer_begin:      transfer_id=1488 msg_id=6 protocol_id=21 seq=0 poll=0
          <idle>-0     [001]   113.577017: scmi_xfer_begin:      transfer_id=1489 msg_id=7 protocol_id=19 seq=1 poll=1
          <idle>-0     [001]   113.577076: scmi_xfer_end:        transfer_id=1489 msg_id=7 protocol_id=19 seq=1 status=0
            bash-1391  [003]   113.577136: scmi_xfer_end:        transfer_id=1488 msg_id=6 protocol_id=21 seq=0 status=0
            bash-1391  [003]   113.577333: scmi_xfer_begin:      transfer_id=1490 msg_id=6 protocol_id=21 seq=0 poll=0
            bash-1391  [003]   113.577670: scmi_xfer_end:        transfer_id=1490 msg_id=6 protocol_id=21 seq=0 status=0

--vtzGhvizbBRQ85DL
Content-Type: text/plain; charset=us-ascii
Content-Disposition: attachment; filename="bad_trace.txt"

            bash-1019  [005]  1149.452340: scmi_xfer_begin:      transfer_id=1537 msg_id=7 protocol_id=19 seq=0 poll=1
            bash-1019  [005]  1149.452407: scmi_xfer_end:        transfer_id=1537 msg_id=7 protocol_id=19 seq=0 status=0
            bash-1526  [000]  1149.472553: scmi_xfer_begin:      transfer_id=1538 msg_id=6 protocol_id=21 seq=0 poll=0
          <idle>-0     [001]  1149.472733: scmi_xfer_begin:      transfer_id=1539 msg_id=7 protocol_id=19 seq=1 poll=1
          <idle>-0     [001]  1149.472842: scmi_xfer_end:        transfer_id=1539 msg_id=7 protocol_id=19 seq=1 status=-110
          <idle>-0     [001]  1149.483040: scmi_xfer_begin:      transfer_id=1540 msg_id=7 protocol_id=19 seq=1 poll=1
          <idle>-0     [001]  1149.483043: scmi_xfer_end:        transfer_id=1540 msg_id=7 protocol_id=19 seq=1 status=0
         rs:main-543   [003]  1149.493031: scmi_xfer_begin:      transfer_id=1541 msg_id=7 protocol_id=19 seq=1 poll=1
         rs:main-543   [003]  1149.493047: scmi_xfer_end:        transfer_id=1541 msg_id=7 protocol_id=19 seq=1 status=0
          <idle>-0     [000]  1149.507033: scmi_xfer_begin:      transfer_id=1542 msg_id=7 protocol_id=19 seq=1 poll=1
          <idle>-0     [000]  1149.507044: scmi_xfer_end:        transfer_id=1542 msg_id=7 protocol_id=19 seq=1 status=0
            bash-1526  [000]  1149.516068: scmi_xfer_end:        transfer_id=1538 msg_id=6 protocol_id=21 seq=0 status=-110
            bash-1526  [000]  1149.516559: scmi_xfer_begin:      transfer_id=1543 msg_id=6 protocol_id=21 seq=0 poll=0
          <idle>-0     [001]  1149.516729: scmi_xfer_begin:      transfer_id=1544 msg_id=7 protocol_id=19 seq=1 poll=1
          <idle>-0     [001]  1149.516837: scmi_xfer_end:        transfer_id=1544 msg_id=7 protocol_id=19 seq=1 status=-110
     ksoftirqd/0-9     [000]  1149.519065: scmi_xfer_begin:      transfer_id=1545 msg_id=7 protocol_id=19 seq=1 poll=1
     ksoftirqd/0-9     [000]  1149.519072: scmi_xfer_end:        transfer_id=1545 msg_id=7 protocol_id=19 seq=1 status=0
          <idle>-0     [001]  1149.526878: scmi_xfer_begin:      transfer_id=1546 msg_id=7 protocol_id=19 seq=1 poll=1
          <idle>-0     [001]  1149.526882: scmi_xfer_end:        transfer_id=1546 msg_id=7 protocol_id=19 seq=1 status=0
          <idle>-0     [000]  1149.551119: scmi_xfer_begin:      transfer_id=1547 msg_id=7 protocol_id=19 seq=1 poll=1
          <idle>-0     [000]  1149.551138: scmi_xfer_end:        transfer_id=1547 msg_id=7 protocol_id=19 seq=1 status=0
            bash-1526  [000]  1149.560191: scmi_xfer_end:        transfer_id=1543 msg_id=6 protocol_id=21 seq=0 status=-110
            bash-1526  [000]  1149.560690: scmi_xfer_begin:      transfer_id=1548 msg_id=6 protocol_id=21 seq=0 poll=0
          <idle>-0     [001]  1149.560859: scmi_xfer_begin:      transfer_id=1549 msg_id=7 protocol_id=19 seq=1 poll=1
          <idle>-0     [001]  1149.560968: scmi_xfer_end:        transfer_id=1549 msg_id=7 protocol_id=19 seq=1 status=-110
          <idle>-0     [000]  1149.562882: scmi_xfer_begin:      transfer_id=1550 msg_id=7 protocol_id=19 seq=1 poll=1
          <idle>-0     [000]  1149.562887: scmi_xfer_end:        transfer_id=1550 msg_id=7 protocol_id=19 seq=1 status=0
          <idle>-0     [001]  1149.570877: scmi_xfer_begin:      transfer_id=1551 msg_id=7 protocol_id=19 seq=1 poll=1
          <idle>-0     [001]  1149.570881: scmi_xfer_end:        transfer_id=1551 msg_id=7 protocol_id=19 seq=1 status=0
          <idle>-0     [000]  1149.595116: scmi_xfer_begin:      transfer_id=1552 msg_id=7 protocol_id=19 seq=1 poll=1
          <idle>-0     [000]  1149.595135: scmi_xfer_end:        transfer_id=1552 msg_id=7 protocol_id=19 seq=1 status=0
            bash-1526  [000]  1149.604204: scmi_xfer_end:        transfer_id=1548 msg_id=6 protocol_id=21 seq=0 status=-110
            bash-1526  [000]  1149.604698: scmi_xfer_begin:      transfer_id=1553 msg_id=6 protocol_id=21 seq=0 poll=0
          <idle>-0     [001]  1149.604867: scmi_xfer_begin:      transfer_id=1554 msg_id=7 protocol_id=19 seq=1 poll=1
          <idle>-0     [001]  1149.604976: scmi_xfer_end:        transfer_id=1554 msg_id=7 protocol_id=19 seq=1 status=-110
          <idle>-0     [000]  1149.606880: scmi_xfer_begin:      transfer_id=1555 msg_id=7 protocol_id=19 seq=1 poll=1
          <idle>-0     [000]  1149.606886: scmi_xfer_end:        transfer_id=1555 msg_id=7 protocol_id=19 seq=1 status=0
          <idle>-0     [001]  1149.614877: scmi_xfer_begin:      transfer_id=1556 msg_id=7 protocol_id=19 seq=1 poll=1
          <idle>-0     [001]  1149.614880: scmi_xfer_end:        transfer_id=1556 msg_id=7 protocol_id=19 seq=1 status=0
          <idle>-0     [000]  1149.639031: scmi_xfer_begin:      transfer_id=1557 msg_id=7 protocol_id=19 seq=1 poll=1
          <idle>-0     [000]  1149.639050: scmi_xfer_end:        transfer_id=1557 msg_id=7 protocol_id=19 seq=1 status=0
            bash-1526  [000]  1149.648098: scmi_xfer_end:        transfer_id=1553 msg_id=6 protocol_id=21 seq=0 status=-110
            bash-1526  [000]  1149.648620: scmi_xfer_begin:      transfer_id=1558 msg_id=6 protocol_id=21 seq=0 poll=0
          <idle>-0     [001]  1149.649207: scmi_xfer_begin:      transfer_id=1559 msg_id=7 protocol_id=19 seq=1 poll=1
          <idle>-0     [001]  1149.649315: scmi_xfer_end:        transfer_id=1559 msg_id=7 protocol_id=19 seq=1 status=-110
          <idle>-0     [000]  1149.650878: scmi_xfer_begin:      transfer_id=1560 msg_id=7 protocol_id=19 seq=1 poll=1
          <idle>-0     [000]  1149.650884: scmi_xfer_end:        transfer_id=1560 msg_id=7 protocol_id=19 seq=1 status=0
     rcu_preempt-10    [003]  1149.679208: scmi_xfer_begin:      transfer_id=1561 msg_id=7 protocol_id=19 seq=1 poll=1
     rcu_preempt-10    [003]  1149.679228: scmi_xfer_end:        transfer_id=1561 msg_id=7 protocol_id=19 seq=1 status=0
            bash-1526  [005]  1149.692154: scmi_xfer_end:        transfer_id=1558 msg_id=6 protocol_id=21 seq=0 status=-110
            bash-1526  [005]  1149.692812: scmi_xfer_begin:      transfer_id=1562 msg_id=6 protocol_id=21 seq=0 poll=0
          <idle>-0     [001]  1149.693420: scmi_xfer_begin:      transfer_id=1563 msg_id=7 protocol_id=19 seq=1 poll=1
          <idle>-0     [001]  1149.693529: scmi_xfer_end:        transfer_id=1563 msg_id=7 protocol_id=19 seq=1 status=-110
     rcu_preempt-10    [003]  1149.711204: scmi_xfer_begin:      transfer_id=1564 msg_id=7 protocol_id=19 seq=1 poll=1
     rcu_preempt-10    [003]  1149.711223: scmi_xfer_end:        transfer_id=1564 msg_id=7 protocol_id=19 seq=1 status=0
            bash-1526  [005]  1149.736236: scmi_xfer_end:        transfer_id=1562 msg_id=6 protocol_id=21 seq=0 status=-110
            bash-1526  [005]  1149.736909: scmi_xfer_begin:      transfer_id=1565 msg_id=6 protocol_id=21 seq=0 poll=0
          <idle>-0     [001]  1149.737492: scmi_xfer_begin:      transfer_id=1566 msg_id=7 protocol_id=19 seq=1 poll=1
          <idle>-0     [001]  1149.737602: scmi_xfer_end:        transfer_id=1566 msg_id=7 protocol_id=19 seq=1 status=-110
     rcu_preempt-10    [003]  1149.779073: scmi_xfer_begin:      transfer_id=1567 msg_id=7 protocol_id=19 seq=1 poll=1
     rcu_preempt-10    [003]  1149.779092: scmi_xfer_end:        transfer_id=1567 msg_id=7 protocol_id=19 seq=1 status=0
            bash-1526  [005]  1149.780198: scmi_xfer_end:        transfer_id=1565 msg_id=6 protocol_id=21 seq=0 status=-110
            bash-1526  [005]  1149.780864: scmi_xfer_begin:      transfer_id=1568 msg_id=6 protocol_id=21 seq=0 poll=0
            bash-1526  [005]  1149.781495: scmi_xfer_end:        transfer_id=1568 msg_id=6 protocol_id=21 seq=0 status=0
            bash-1526  [005]  1149.781883: scmi_xfer_begin:      transfer_id=1569 msg_id=6 protocol_id=21 seq=0 poll=0
            bash-1526  [005]  1149.782160: scmi_xfer_end:        transfer_id=1569 msg_id=6 protocol_id=21 seq=0 status=0
            bash-1526  [005]  1149.782483: scmi_xfer_begin:      transfer_id=1570 msg_id=6 protocol_id=21 seq=0 poll=0
            bash-1526  [005]  1149.782749: scmi_xfer_end:        transfer_id=1570 msg_id=6 protocol_id=21 seq=0 status=0
            bash-1526  [005]  1149.783211: scmi_xfer_begin:      transfer_id=1571 msg_id=6 protocol_id=21 seq=0 poll=0
            bash-1526  [005]  1149.783595: scmi_xfer_end:        transfer_id=1571 msg_id=6 protocol_id=21 seq=0 status=0
            bash-1526  [005]  1149.783948: scmi_xfer_begin:      transfer_id=1572 msg_id=6 protocol_id=21 seq=0 poll=0
            bash-1526  [005]  1149.784193: scmi_xfer_end:        transfer_id=1572 msg_id=6 protocol_id=21 seq=0 status=0
            bash-1526  [005]  1149.784574: scmi_xfer_begin:      transfer_id=1573 msg_id=6 protocol_id=21 seq=0 poll=0
            bash-1526  [005]  1149.784828: scmi_xfer_end:        transfer_id=1573 msg_id=6 protocol_id=21 seq=0 status=0
            bash-1526  [005]  1149.785154: scmi_xfer_begin:      transfer_id=1574 msg_id=6 protocol_id=21 seq=0 poll=0
            bash-1526  [005]  1149.785419: scmi_xfer_end:        transfer_id=1574 msg_id=6 protocol_id=21 seq=0 status=0
            bash-1526  [005]  1149.785740: scmi_xfer_begin:      transfer_id=1575 msg_id=6 protocol_id=21 seq=0 poll=0
            bash-1526  [005]  1149.785830: scmi_xfer_end:        transfer_id=1575 msg_id=6 protocol_id=21 seq=0 status=0
            bash-1526  [005]  1149.786147: scmi_xfer_begin:      transfer_id=1576 msg_id=6 protocol_id=21 seq=0 poll=0
            bash-1526  [005]  1149.786240: scmi_xfer_end:        transfer_id=1576 msg_id=6 protocol_id=21 seq=0 status=0
            bash-1526  [005]  1149.786610: scmi_xfer_begin:      transfer_id=1577 msg_id=6 protocol_id=21 seq=0 poll=0
            bash-1526  [005]  1149.787116: scmi_xfer_end:        transfer_id=1577 msg_id=6 protocol_id=21 seq=0 status=0
            bash-1526  [005]  1149.787436: scmi_xfer_begin:      transfer_id=1578 msg_id=6 protocol_id=21 seq=0 poll=0
            bash-1526  [005]  1149.788026: scmi_xfer_end:        transfer_id=1578 msg_id=6 protocol_id=21 seq=0 status=0
            bash-1526  [005]  1149.788365: scmi_xfer_begin:      transfer_id=1579 msg_id=6 protocol_id=21 seq=0 poll=0
            bash-1526  [005]  1149.788957: scmi_xfer_end:        transfer_id=1579 msg_id=6 protocol_id=21 seq=0 status=0
            bash-1526  [005]  1149.789271: scmi_xfer_begin:      transfer_id=1580 msg_id=6 protocol_id=21 seq=0 poll=0
          <idle>-0     [001]  1149.789473: scmi_xfer_begin:      transfer_id=1581 msg_id=7 protocol_id=19 seq=1 poll=1
          <idle>-0     [001]  1149.789582: scmi_xfer_end:        transfer_id=1581 msg_id=7 protocol_id=19 seq=1 status=-110
     rcu_preempt-10    [003]  1149.815053: scmi_xfer_begin:      transfer_id=1582 msg_id=7 protocol_id=19 seq=1 poll=1
     rcu_preempt-10    [003]  1149.815065: scmi_xfer_end:        transfer_id=1582 msg_id=7 protocol_id=19 seq=1 status=0
            bash-1526  [005]  1149.832118: scmi_xfer_end:        transfer_id=1580 msg_id=6 protocol_id=21 seq=0 status=-110
            bash-1526  [005]  1149.832542: scmi_xfer_begin:      transfer_id=1583 msg_id=6 protocol_id=21 seq=0 poll=0
          <idle>-0     [001]  1149.832717: scmi_xfer_begin:      transfer_id=1584 msg_id=7 protocol_id=19 seq=1 poll=1
          <idle>-0     [001]  1149.832825: scmi_xfer_end:        transfer_id=1584 msg_id=7 protocol_id=19 seq=1 status=-110
          <idle>-0     [001]  1149.842867: scmi_xfer_begin:      transfer_id=1585 msg_id=7 protocol_id=19 seq=1 poll=1
          <idle>-0     [001]  1149.842870: scmi_xfer_end:        transfer_id=1585 msg_id=7 protocol_id=19 seq=1 status=0
            bash-1526  [005]  1149.876220: scmi_xfer_end:        transfer_id=1583 msg_id=6 protocol_id=21 seq=0 status=-110
            bash-1526  [005]  1149.876896: scmi_xfer_begin:      transfer_id=1586 msg_id=6 protocol_id=21 seq=0 poll=0
          <idle>-0     [001]  1149.877073: scmi_xfer_begin:      transfer_id=1587 msg_id=7 protocol_id=19 seq=1 poll=1
          <idle>-0     [001]  1149.877182: scmi_xfer_end:        transfer_id=1587 msg_id=7 protocol_id=19 seq=1 status=-110
     rcu_preempt-10    [003]  1149.915093: scmi_xfer_begin:      transfer_id=1588 msg_id=7 protocol_id=19 seq=1 poll=1
     rcu_preempt-10    [003]  1149.915112: scmi_xfer_end:        transfer_id=1588 msg_id=7 protocol_id=19 seq=1 status=0
            bash-1526  [005]  1149.920198: scmi_xfer_end:        transfer_id=1586 msg_id=6 protocol_id=21 seq=0 status=-110
            bash-1526  [005]  1149.920867: scmi_xfer_begin:      transfer_id=1589 msg_id=6 protocol_id=21 seq=0 poll=0
            bash-1526  [005]  1149.921111: scmi_xfer_end:        transfer_id=1589 msg_id=6 protocol_id=21 seq=0 status=0
            bash-1526  [005]  1149.922531: scmi_xfer_begin:      transfer_id=1590 msg_id=7 protocol_id=19 seq=0 poll=1
            bash-1526  [005]  1149.922589: scmi_xfer_end:        transfer_id=1590 msg_id=7 protocol_id=19 seq=0 status=0
          <idle>-0     [000]  1149.934887: scmi_xfer_begin:      transfer_id=1591 msg_id=7 protocol_id=19 seq=0 poll=1
          <idle>-0     [000]  1149.934969: scmi_xfer_end:        transfer_id=1591 msg_id=7 protocol_id=19 seq=0 status=0
   kworker/u13:0-1497  [003]  1149.944998: scmi_xfer_begin:      transfer_id=1592 msg_id=7 protocol_id=19 seq=0 poll=1
   kworker/u13:0-1497  [003]  1149.945062: scmi_xfer_end:        transfer_id=1592 msg_id=7 protocol_id=19 seq=0 status=0
          <idle>-0     [000]  1149.962941: scmi_xfer_begin:      transfer_id=1593 msg_id=7 protocol_id=19 seq=0 poll=1
          <idle>-0     [000]  1149.963050: scmi_xfer_end:        transfer_id=1593 msg_id=7 protocol_id=19 seq=0 status=-110
          <idle>-0     [000]  1150.947518: scmi_xfer_begin:      transfer_id=1594 msg_id=7 protocol_id=19 seq=0 poll=1
          <idle>-0     [000]  1150.947586: scmi_xfer_end:        transfer_id=1594 msg_id=7 protocol_id=19 seq=0 status=0
            bash-1526  [005]  1150.950155: scmi_xfer_begin:      transfer_id=1595 msg_id=6 protocol_id=21 seq=0 poll=0
          <idle>-0     [001]  1150.950327: scmi_xfer_begin:      transfer_id=1596 msg_id=7 protocol_id=19 seq=1 poll=1
          <idle>-0     [001]  1150.950436: scmi_xfer_end:        transfer_id=1596 msg_id=7 protocol_id=19 seq=1 status=-110
          <idle>-0     [000]  1150.958904: scmi_xfer_begin:      transfer_id=1597 msg_id=7 protocol_id=19 seq=1 poll=1
          <idle>-0     [000]  1150.958911: scmi_xfer_end:        transfer_id=1597 msg_id=7 protocol_id=19 seq=1 status=0
            bash-1526  [005]  1150.992119: scmi_xfer_end:        transfer_id=1595 msg_id=6 protocol_id=21 seq=0 status=-110
          <idle>-0     [001]  1150.992161: scmi_xfer_begin:      transfer_id=1598 msg_id=7 protocol_id=19 seq=0 poll=1
          <idle>-0     [001]  1150.992216: scmi_xfer_end:        transfer_id=1598 msg_id=7 protocol_id=19 seq=0 status=0
            bash-1526  [005]  1150.992603: scmi_xfer_begin:      transfer_id=1599 msg_id=6 protocol_id=21 seq=0 poll=0
            bash-1526  [005]  1150.992908: scmi_xfer_end:        transfer_id=1599 msg_id=6 protocol_id=21 seq=0 status=0
            bash-1526  [005]  1150.993241: scmi_xfer_begin:      transfer_id=1600 msg_id=6 protocol_id=21 seq=0 poll=0
            bash-1526  [005]  1150.993328: scmi_xfer_end:        transfer_id=1600 msg_id=6 protocol_id=21 seq=0 status=0
            bash-1526  [005]  1150.993657: scmi_xfer_begin:      transfer_id=1601 msg_id=6 protocol_id=21 seq=0 poll=0
            bash-1526  [005]  1150.993742: scmi_xfer_end:        transfer_id=1601 msg_id=6 protocol_id=21 seq=0 status=0
            bash-1526  [005]  1150.994129: scmi_xfer_begin:      transfer_id=1602 msg_id=6 protocol_id=21 seq=0 poll=0
            bash-1526  [005]  1150.994627: scmi_xfer_end:        transfer_id=1602 msg_id=6 protocol_id=21 seq=0 status=0
            bash-1526  [005]  1150.995058: scmi_xfer_begin:      transfer_id=1603 msg_id=6 protocol_id=21 seq=0 poll=0
            bash-1526  [005]  1150.995792: scmi_xfer_end:        transfer_id=1603 msg_id=6 protocol_id=21 seq=0 status=0
            bash-1526  [005]  1150.996110: scmi_xfer_begin:      transfer_id=1604 msg_id=6 protocol_id=21 seq=0 poll=0
            bash-1526  [005]  1150.996827: scmi_xfer_end:        transfer_id=1604 msg_id=6 protocol_id=21 seq=0 status=0
            bash-1526  [005]  1150.997160: scmi_xfer_begin:      transfer_id=1605 msg_id=6 protocol_id=21 seq=0 poll=0
            bash-1526  [005]  1150.997803: scmi_xfer_end:        transfer_id=1605 msg_id=6 protocol_id=21 seq=0 status=0
            bash-1526  [005]  1150.998198: scmi_xfer_begin:      transfer_id=1606 msg_id=6 protocol_id=21 seq=0 poll=0
            bash-1526  [005]  1150.998287: scmi_xfer_end:        transfer_id=1606 msg_id=6 protocol_id=21 seq=0 status=0
            bash-1526  [005]  1150.998611: scmi_xfer_begin:      transfer_id=1607 msg_id=6 protocol_id=21 seq=0 poll=0
            bash-1526  [005]  1150.998698: scmi_xfer_end:        transfer_id=1607 msg_id=6 protocol_id=21 seq=0 status=0
            bash-1526  [005]  1150.999089: scmi_xfer_begin:      transfer_id=1608 msg_id=6 protocol_id=21 seq=0 poll=0
            bash-1526  [005]  1150.999404: scmi_xfer_end:        transfer_id=1608 msg_id=6 protocol_id=21 seq=0 status=0
            bash-1526  [005]  1150.999715: scmi_xfer_begin:      transfer_id=1609 msg_id=6 protocol_id=21 seq=0 poll=0
            bash-1526  [005]  1150.999979: scmi_xfer_end:        transfer_id=1609 msg_id=6 protocol_id=21 seq=0 status=0
            bash-1526  [005]  1151.000368: scmi_xfer_begin:      transfer_id=1610 msg_id=6 protocol_id=21 seq=0 poll=0
            bash-1526  [005]  1151.000607: scmi_xfer_end:        transfer_id=1610 msg_id=6 protocol_id=21 seq=0 status=0
            bash-1526  [005]  1151.000927: scmi_xfer_begin:      transfer_id=1611 msg_id=6 protocol_id=21 seq=0 poll=0
            bash-1526  [005]  1151.001114: scmi_xfer_end:        transfer_id=1611 msg_id=6 protocol_id=21 seq=0 status=0
            bash-1526  [005]  1151.001432: scmi_xfer_begin:      transfer_id=1612 msg_id=6 protocol_id=21 seq=0 poll=0
            bash-1526  [005]  1151.001521: scmi_xfer_end:        transfer_id=1612 msg_id=6 protocol_id=21 seq=0 status=0
            bash-1526  [005]  1151.001837: scmi_xfer_begin:      transfer_id=1613 msg_id=6 protocol_id=21 seq=0 poll=0
            bash-1526  [005]  1151.001930: scmi_xfer_end:        transfer_id=1613 msg_id=6 protocol_id=21 seq=0 status=0
            bash-1526  [005]  1151.002302: scmi_xfer_begin:      transfer_id=1614 msg_id=6 protocol_id=21 seq=0 poll=0
          <idle>-0     [001]  1151.002696: scmi_xfer_begin:      transfer_id=1615 msg_id=7 protocol_id=19 seq=1 poll=1
          <idle>-0     [001]  1151.002803: scmi_xfer_end:        transfer_id=1615 msg_id=7 protocol_id=19 seq=1 status=-110
            bash-1526  [005]  1151.043973: scmi_xfer_end:        transfer_id=1614 msg_id=6 protocol_id=21 seq=0 status=-110
     rcu_preempt-10    [004]  1151.044107: scmi_xfer_begin:      transfer_id=1616 msg_id=7 protocol_id=19 seq=0 poll=1
     rcu_preempt-10    [004]  1151.044166: scmi_xfer_end:        transfer_id=1616 msg_id=7 protocol_id=19 seq=0 status=0
            bash-1526  [005]  1151.044384: scmi_xfer_begin:      transfer_id=1617 msg_id=6 protocol_id=21 seq=0 poll=0
            bash-1526  [005]  1151.045191: scmi_xfer_end:        transfer_id=1617 msg_id=6 protocol_id=21 seq=0 status=0
            bash-1526  [005]  1151.045525: scmi_xfer_begin:      transfer_id=1618 msg_id=6 protocol_id=21 seq=0 poll=0
            bash-1526  [005]  1151.046144: scmi_xfer_end:        transfer_id=1618 msg_id=6 protocol_id=21 seq=0 status=0
            bash-1526  [005]  1151.046456: scmi_xfer_begin:      transfer_id=1619 msg_id=6 protocol_id=21 seq=0 poll=0
            bash-1526  [005]  1151.046723: scmi_xfer_end:        transfer_id=1619 msg_id=6 protocol_id=21 seq=0 status=0
            bash-1526  [005]  1151.047177: scmi_xfer_begin:      transfer_id=1620 msg_id=6 protocol_id=21 seq=0 poll=0
            bash-1526  [005]  1151.047472: scmi_xfer_end:        transfer_id=1620 msg_id=6 protocol_id=21 seq=0 status=0
            bash-1526  [005]  1151.047810: scmi_xfer_begin:      transfer_id=1621 msg_id=6 protocol_id=21 seq=0 poll=0
            bash-1526  [005]  1151.048051: scmi_xfer_end:        transfer_id=1621 msg_id=6 protocol_id=21 seq=0 status=0
            bash-1526  [005]  1151.048360: scmi_xfer_begin:      transfer_id=1622 msg_id=6 protocol_id=21 seq=0 poll=0
            bash-1526  [005]  1151.048715: scmi_xfer_end:        transfer_id=1622 msg_id=6 protocol_id=21 seq=0 status=0
            bash-1526  [005]  1151.049880: scmi_xfer_begin:      transfer_id=1623 msg_id=7 protocol_id=19 seq=0 poll=1
            bash-1526  [005]  1151.049938: scmi_xfer_end:        transfer_id=1623 msg_id=7 protocol_id=19 seq=0 status=0
          <idle>-0     [000]  1151.074998: scmi_xfer_begin:      transfer_id=1624 msg_id=7 protocol_id=19 seq=0 poll=1
          <idle>-0     [000]  1151.075060: scmi_xfer_end:        transfer_id=1624 msg_id=7 protocol_id=19 seq=0 status=0
          <idle>-0     [000]  1152.053922: scmi_xfer_begin:      transfer_id=1625 msg_id=7 protocol_id=19 seq=0 poll=1
          <idle>-0     [000]  1152.053989: scmi_xfer_end:        transfer_id=1625 msg_id=7 protocol_id=19 seq=0 status=0
            bash-1526  [005]  1152.055670: scmi_xfer_begin:      transfer_id=1626 msg_id=6 protocol_id=21 seq=0 poll=0
          <idle>-0     [001]  1152.055842: scmi_xfer_begin:      transfer_id=1627 msg_id=7 protocol_id=19 seq=1 poll=1
          <idle>-0     [001]  1152.055951: scmi_xfer_end:        transfer_id=1627 msg_id=7 protocol_id=19 seq=1 status=-110
       in:imklog-541   [000]  1152.064028: scmi_xfer_begin:      transfer_id=1628 msg_id=7 protocol_id=19 seq=1 poll=1
       in:imklog-541   [000]  1152.064035: scmi_xfer_end:        transfer_id=1628 msg_id=7 protocol_id=19 seq=1 status=0
     kworker/0:0-1376  [000]  1152.075118: scmi_xfer_begin:      transfer_id=1629 msg_id=7 protocol_id=19 seq=1 poll=1
     kworker/0:0-1376  [000]  1152.075128: scmi_xfer_end:        transfer_id=1629 msg_id=7 protocol_id=19 seq=1 status=0
