Return-Path: <linux-kernel-owner@vger.kernel.org>
X-Original-To: lists+linux-kernel@lfdr.de
Delivered-To: lists+linux-kernel@lfdr.de
Received: from vger.kernel.org (vger.kernel.org [23.128.96.18])
	by mail.lfdr.de (Postfix) with ESMTP id BF4B61EF38D
	for <lists+linux-kernel@lfdr.de>; Fri,  5 Jun 2020 10:58:53 +0200 (CEST)
Received: (majordomo@vger.kernel.org) by vger.kernel.org via listexpand
        id S1726232AbgFEI6w (ORCPT <rfc822;lists+linux-kernel@lfdr.de>);
        Fri, 5 Jun 2020 04:58:52 -0400
Received: from foss.arm.com ([217.140.110.172]:52020 "EHLO foss.arm.com"
        rhost-flags-OK-OK-OK-OK) by vger.kernel.org with ESMTP
        id S1726062AbgFEI6v (ORCPT <rfc822;linux-kernel@vger.kernel.org>);
        Fri, 5 Jun 2020 04:58:51 -0400
Received: from usa-sjc-imap-foss1.foss.arm.com (unknown [10.121.207.14])
        by usa-sjc-mx-foss1.foss.arm.com (Postfix) with ESMTP id AEADD2B;
        Fri,  5 Jun 2020 01:58:43 -0700 (PDT)
Received: from bogus (unknown [10.37.12.7])
        by usa-sjc-imap-foss1.foss.arm.com (Postfix) with ESMTPSA id 82ED03F52E;
        Fri,  5 Jun 2020 01:58:38 -0700 (PDT)
Date:   Fri, 5 Jun 2020 09:58:30 +0100
From:   Sudeep Holla <sudeep.holla@arm.com>
To:     Jassi Brar <jassisinghbrar@gmail.com>
Cc:     Viresh Kumar <viresh.kumar@linaro.org>,
        Rob Herring <robh@kernel.org>, Arnd Bergmann <arnd@arndb.de>,
        Frank Rowand <frowand.list@gmail.com>,
        Bjorn Andersson <bjorn.andersson@linaro.org>,
        Vincent Guittot <vincent.guittot@linaro.org>,
        Sudeep Holla <sudeep.holla@arm.com>,
        linux-arm-kernel <linux-arm-kernel@lists.infradead.org>,
        Devicetree List <devicetree@vger.kernel.org>,
        Linux Kernel Mailing List <linux-kernel@vger.kernel.org>
Subject: Re: [RFC] dt-bindings: mailbox: add doorbell support to ARM MHU
Message-ID: <20200605085830.GA32372@bogus>
References: <0a50f0cf5593baeb628dc8606c523665e5e2ae6c.1589519600.git.viresh.kumar@linaro.org>
 <20200528192005.GA494874@bogus>
 <20200529040758.kneg2j4n3gxh2rfv@vireshk-i7>
 <20200603180435.GB23722@bogus>
 <CABb+yY0cW1GZHVmwEr19JRdJTmsAxw9uq83QV_aq-tdPJO5_Fg@mail.gmail.com>
 <20200604092052.GD8814@bogus>
 <CABb+yY27Ngb0C-onkU2qyt=uKgG4iVrcv8hGkC+anypQbTRA1w@mail.gmail.com>
 <20200605045645.GD12397@bogus>
 <CABb+yY2YZ99NjHYNi0=KLGFDsVUeJmqiJD3E25Chwk-THJV4iw@mail.gmail.com>
MIME-Version: 1.0
Content-Type: multipart/mixed; boundary="vtzGhvizbBRQ85DL"
Content-Disposition: inline
In-Reply-To: <CABb+yY2YZ99NjHYNi0=KLGFDsVUeJmqiJD3E25Chwk-THJV4iw@mail.gmail.com>
User-Agent: Mutt/1.9.4 (2018-02-28)
Sender: linux-kernel-owner@vger.kernel.org
Precedence: bulk
List-ID: <linux-kernel.vger.kernel.org>
X-Mailing-List: linux-kernel@vger.kernel.org


--vtzGhvizbBRQ85DL
Content-Type: text/plain; charset=us-ascii
Content-Disposition: inline

On Fri, Jun 05, 2020 at 01:30:54AM -0500, Jassi Brar wrote:
> On Thu, Jun 4, 2020 at 11:56 PM Sudeep Holla <sudeep.holla@arm.com> wrote:
>
> >
> > > >>     bash-1526  [000]  1149.472553: scmi_xfer_begin:      transfer_id=1538 msg_id=6 protocol_id=21 seq=0 poll=0
> > > >>      <idle>-0     [001]  1149.472733: scmi_xfer_begin:      transfer_id=1539 msg_id=7 protocol_id=19 seq=1 poll=1
> > > >
> > > Here another request is started before the first is finished.
> >
> > Ah, the prints are when the client requested. It is not when the mailbox
> > started it. So this just indicates the beginning of the transfer from the
> > client.
> >
> There maybe condition on a sensor read to finish within 1ms, but there
> is no condition for the read to _start_ at this very moment (usually
> there are sleeps in the path to sensor requests).
>

Again I wasn't clear. The trace logs are at the point just before calling
mbox_send_messages. So any delay in sensor drivers won't get include. It
is after the point sensor driver request to read the value and before we
send the request via mailbox.

> > > If you want this to work you have to serialise access to the single
> > > physical channel and/or run the remote firmware in asynchronous mode -
> > > that is, the firmware ack the bit as soon as it sees and starts
> > > working in the background, so that we return in ~3usec always, while
> > > the data returns whenever it is ready.
> >
> > Yes it does that for few requests like DVFS while it uses synchronous
> > mode for few others. While ideally I agree everything in asynchronous
> > most is better, I don't know there may be reasons for such design.
> >
> The reason is that, if the firmware works asynchronously, every call
> would return in ~3usec and you won't think you need virtual channels.
>

I really wish that was the case. Life would have been much simpler. I
did remember one reason after my earlier email. For DVFS, OSPM need
not rely on response. It operates in fire and forget mode. While sensors
we need the value back. And one main reason for not making the call
async in the specification is that it needs to support platforms without
Rx interrupts or even transport like SMC which may not have reverse path
without as real mailbox.

> You have shared only 'bad' log without serialising access. Please
> share log after serialising access to the channel and the 'good' log
> with virtual channels.  That should put the topic to rest.
>

I didn't realise that, sorry for missing that earlier. Attached both
now, thanks for asking.

--
Regards,
Sudeep

--vtzGhvizbBRQ85DL
Content-Type: text/plain; charset=us-ascii
Content-Disposition: attachment; filename="good_trace.txt"

            bash-1062  [000]   103.333397: scmi_xfer_begin:      transfer_id=1191 msg_id=7 protocol_id=19 seq=0 poll=1
            bash-1062  [000]   103.333464: scmi_xfer_end:        transfer_id=1191 msg_id=7 protocol_id=19 seq=0 status=0
            bash-1391  [003]   103.353821: scmi_xfer_begin:      transfer_id=1192 msg_id=6 protocol_id=21 seq=0 poll=0
          <idle>-0     [000]   103.354003: scmi_xfer_begin:      transfer_id=1193 msg_id=7 protocol_id=19 seq=1 poll=1
          <idle>-0     [000]   103.354062: scmi_xfer_end:        transfer_id=1193 msg_id=7 protocol_id=19 seq=1 status=0
     migration/0-11    [000]   103.354119: scmi_xfer_begin:      transfer_id=1194 msg_id=7 protocol_id=19 seq=1 poll=1
     migration/0-11    [000]   103.354224: scmi_xfer_end:        transfer_id=1194 msg_id=7 protocol_id=19 seq=1 status=0
            bash-1391  [003]   103.354504: scmi_xfer_end:        transfer_id=1192 msg_id=6 protocol_id=21 seq=0 status=0
            bash-1391  [003]   103.354707: scmi_xfer_begin:      transfer_id=1195 msg_id=6 protocol_id=21 seq=0 poll=0
            bash-1391  [003]   103.355037: scmi_xfer_end:        transfer_id=1195 msg_id=6 protocol_id=21 seq=0 status=0
            bash-1391  [003]   103.355215: scmi_xfer_begin:      transfer_id=1196 msg_id=6 protocol_id=21 seq=0 poll=0
            bash-1391  [003]   103.355878: scmi_xfer_end:        transfer_id=1196 msg_id=6 protocol_id=21 seq=0 status=0
            bash-1391  [003]   103.356031: scmi_xfer_begin:      transfer_id=1197 msg_id=6 protocol_id=21 seq=0 poll=0
            bash-1391  [003]   103.356408: scmi_xfer_end:        transfer_id=1197 msg_id=6 protocol_id=21 seq=0 status=0
            bash-1391  [003]   103.356581: scmi_xfer_begin:      transfer_id=1198 msg_id=6 protocol_id=21 seq=0 poll=0
            bash-1391  [003]   103.357642: scmi_xfer_end:        transfer_id=1198 msg_id=6 protocol_id=21 seq=0 status=0
            bash-1391  [003]   103.357797: scmi_xfer_begin:      transfer_id=1199 msg_id=6 protocol_id=21 seq=0 poll=0
            bash-1391  [003]   103.358476: scmi_xfer_end:        transfer_id=1199 msg_id=6 protocol_id=21 seq=0 status=0
            bash-1391  [003]   103.358626: scmi_xfer_begin:      transfer_id=1200 msg_id=6 protocol_id=21 seq=0 poll=0
            bash-1391  [003]   103.359283: scmi_xfer_end:        transfer_id=1200 msg_id=6 protocol_id=21 seq=0 status=0
            bash-1391  [003]   103.359434: scmi_xfer_begin:      transfer_id=1201 msg_id=6 protocol_id=21 seq=0 poll=0
            bash-1391  [003]   103.360073: scmi_xfer_end:        transfer_id=1201 msg_id=6 protocol_id=21 seq=0 status=0
            bash-1391  [003]   103.360246: scmi_xfer_begin:      transfer_id=1202 msg_id=6 protocol_id=21 seq=0 poll=0
            bash-1391  [003]   103.360477: scmi_xfer_end:        transfer_id=1202 msg_id=6 protocol_id=21 seq=0 status=0
            bash-1391  [003]   103.360631: scmi_xfer_begin:      transfer_id=1203 msg_id=6 protocol_id=21 seq=0 poll=0
            bash-1391  [003]   103.360694: scmi_xfer_end:        transfer_id=1203 msg_id=6 protocol_id=21 seq=0 status=0
            bash-1391  [003]   103.360846: scmi_xfer_begin:      transfer_id=1204 msg_id=6 protocol_id=21 seq=0 poll=0
            bash-1391  [003]   103.360907: scmi_xfer_end:        transfer_id=1204 msg_id=6 protocol_id=21 seq=0 status=0
            bash-1391  [003]   103.361058: scmi_xfer_begin:      transfer_id=1205 msg_id=6 protocol_id=21 seq=0 poll=0
            bash-1391  [003]   103.361119: scmi_xfer_end:        transfer_id=1205 msg_id=6 protocol_id=21 seq=0 status=0
            bash-1391  [003]   103.361294: scmi_xfer_begin:      transfer_id=1206 msg_id=6 protocol_id=21 seq=0 poll=0
            bash-1391  [003]   103.361357: scmi_xfer_end:        transfer_id=1206 msg_id=6 protocol_id=21 seq=0 status=0
            bash-1391  [003]   103.361528: scmi_xfer_begin:      transfer_id=1207 msg_id=6 protocol_id=21 seq=0 poll=0
            bash-1391  [003]   103.361885: scmi_xfer_end:        transfer_id=1207 msg_id=6 protocol_id=21 seq=0 status=0
            bash-1391  [003]   103.362040: scmi_xfer_begin:      transfer_id=1208 msg_id=6 protocol_id=21 seq=0 poll=0
            bash-1391  [003]   103.362104: scmi_xfer_end:        transfer_id=1208 msg_id=6 protocol_id=21 seq=0 status=0
            bash-1391  [003]   103.362256: scmi_xfer_begin:      transfer_id=1209 msg_id=6 protocol_id=21 seq=0 poll=0
            bash-1391  [003]   103.362319: scmi_xfer_end:        transfer_id=1209 msg_id=6 protocol_id=21 seq=0 status=0
            bash-1391  [003]   103.362492: scmi_xfer_begin:      transfer_id=1210 msg_id=6 protocol_id=21 seq=0 poll=0
            bash-1391  [003]   103.362897: scmi_xfer_end:        transfer_id=1210 msg_id=6 protocol_id=21 seq=0 status=0
            bash-1391  [003]   103.363047: scmi_xfer_begin:      transfer_id=1211 msg_id=6 protocol_id=21 seq=0 poll=0
            bash-1391  [003]   103.363450: scmi_xfer_end:        transfer_id=1211 msg_id=6 protocol_id=21 seq=0 status=0
            bash-1391  [003]   103.363598: scmi_xfer_begin:      transfer_id=1212 msg_id=6 protocol_id=21 seq=0 poll=0
          <idle>-0     [003]   103.364076: scmi_xfer_begin:      transfer_id=1213 msg_id=7 protocol_id=19 seq=1 poll=1
          <idle>-0     [003]   103.364129: scmi_xfer_end:        transfer_id=1213 msg_id=7 protocol_id=19 seq=1 status=0
            bash-1391  [003]   103.364140: scmi_xfer_end:        transfer_id=1212 msg_id=6 protocol_id=21 seq=0 status=0
            bash-1391  [003]   103.364410: scmi_xfer_begin:      transfer_id=1214 msg_id=6 protocol_id=21 seq=0 poll=0
 irq/14-mhu_link-190   [001]   103.364550: scmi_xfer_begin:      transfer_id=1215 msg_id=7 protocol_id=19 seq=1 poll=1
            bash-1391  [003]   103.364558: scmi_xfer_end:        transfer_id=1214 msg_id=6 protocol_id=21 seq=0 status=0
 irq/14-mhu_link-190   [001]   103.364601: scmi_xfer_end:        transfer_id=1215 msg_id=7 protocol_id=19 seq=1 status=0
            bash-1391  [003]   103.364736: scmi_xfer_begin:      transfer_id=1216 msg_id=6 protocol_id=21 seq=0 poll=0
            bash-1391  [003]   103.364803: scmi_xfer_end:        transfer_id=1216 msg_id=6 protocol_id=21 seq=0 status=0
            bash-1391  [003]   103.365008: scmi_xfer_begin:      transfer_id=1217 msg_id=6 protocol_id=21 seq=0 poll=0
            bash-1391  [003]   103.365070: scmi_xfer_end:        transfer_id=1217 msg_id=6 protocol_id=21 seq=0 status=0
            bash-1391  [003]   103.365245: scmi_xfer_begin:      transfer_id=1218 msg_id=6 protocol_id=21 seq=0 poll=0
            bash-1391  [003]   103.365306: scmi_xfer_end:        transfer_id=1218 msg_id=6 protocol_id=21 seq=0 status=0
          <idle>-0     [004]   103.397691: scmi_xfer_begin:      transfer_id=1219 msg_id=7 protocol_id=19 seq=0 poll=1
          <idle>-0     [004]   103.397778: scmi_xfer_end:        transfer_id=1219 msg_id=7 protocol_id=19 seq=0 status=0
          <idle>-0     [004]   104.386362: scmi_xfer_begin:      transfer_id=1220 msg_id=7 protocol_id=19 seq=0 poll=1
          <idle>-0     [004]   104.386429: scmi_xfer_end:        transfer_id=1220 msg_id=7 protocol_id=19 seq=0 status=0
            bash-1391  [003]   104.389005: scmi_xfer_begin:      transfer_id=1221 msg_id=6 protocol_id=21 seq=0 poll=0
          <idle>-0     [001]   104.389180: scmi_xfer_begin:      transfer_id=1222 msg_id=7 protocol_id=19 seq=1 poll=1
          <idle>-0     [001]   104.389239: scmi_xfer_end:        transfer_id=1222 msg_id=7 protocol_id=19 seq=1 status=0
            bash-1391  [003]   104.389295: scmi_xfer_end:        transfer_id=1221 msg_id=6 protocol_id=21 seq=0 status=0
            bash-1391  [003]   104.389548: scmi_xfer_begin:      transfer_id=1223 msg_id=6 protocol_id=21 seq=0 poll=0
            bash-1391  [003]   104.390181: scmi_xfer_end:        transfer_id=1223 msg_id=6 protocol_id=21 seq=0 status=0
            bash-1391  [003]   104.390377: scmi_xfer_begin:      transfer_id=1224 msg_id=6 protocol_id=21 seq=0 poll=0
            bash-1391  [003]   104.390895: scmi_xfer_end:        transfer_id=1224 msg_id=6 protocol_id=21 seq=0 status=0
            bash-1391  [003]   104.391085: scmi_xfer_begin:      transfer_id=1225 msg_id=6 protocol_id=21 seq=0 poll=0
            bash-1391  [003]   104.391298: scmi_xfer_end:        transfer_id=1225 msg_id=6 protocol_id=21 seq=0 status=0
            bash-1391  [003]   104.391512: scmi_xfer_begin:      transfer_id=1226 msg_id=6 protocol_id=21 seq=0 poll=0
            bash-1391  [003]   104.392115: scmi_xfer_end:        transfer_id=1226 msg_id=6 protocol_id=21 seq=0 status=0
            bash-1391  [003]   104.392288: scmi_xfer_begin:      transfer_id=1227 msg_id=6 protocol_id=21 seq=0 poll=0
            bash-1391  [003]   104.392953: scmi_xfer_end:        transfer_id=1227 msg_id=6 protocol_id=21 seq=0 status=0
            bash-1391  [003]   104.393129: scmi_xfer_begin:      transfer_id=1228 msg_id=6 protocol_id=21 seq=0 poll=0
            bash-1391  [003]   104.393790: scmi_xfer_end:        transfer_id=1228 msg_id=6 protocol_id=21 seq=0 status=0
            bash-1391  [003]   104.393968: scmi_xfer_begin:      transfer_id=1229 msg_id=6 protocol_id=21 seq=0 poll=0
            bash-1391  [003]   104.394584: scmi_xfer_end:        transfer_id=1229 msg_id=6 protocol_id=21 seq=0 status=0
            bash-1391  [003]   104.394797: scmi_xfer_begin:      transfer_id=1230 msg_id=6 protocol_id=21 seq=0 poll=0
            bash-1391  [003]   104.394995: scmi_xfer_end:        transfer_id=1230 msg_id=6 protocol_id=21 seq=0 status=0
            bash-1391  [003]   104.395173: scmi_xfer_begin:      transfer_id=1231 msg_id=6 protocol_id=21 seq=0 poll=0
            bash-1391  [003]   104.395400: scmi_xfer_end:        transfer_id=1231 msg_id=6 protocol_id=21 seq=0 status=0
            bash-1391  [003]   104.395581: scmi_xfer_begin:      transfer_id=1232 msg_id=6 protocol_id=21 seq=0 poll=0
            bash-1391  [003]   104.395806: scmi_xfer_end:        transfer_id=1232 msg_id=6 protocol_id=21 seq=0 status=0
            bash-1391  [003]   104.395979: scmi_xfer_begin:      transfer_id=1233 msg_id=6 protocol_id=21 seq=0 poll=0
            bash-1391  [003]   104.396045: scmi_xfer_end:        transfer_id=1233 msg_id=6 protocol_id=21 seq=0 status=0
            bash-1391  [003]   104.396260: scmi_xfer_begin:      transfer_id=1234 msg_id=6 protocol_id=21 seq=0 poll=0
            bash-1391  [003]   104.396325: scmi_xfer_end:        transfer_id=1234 msg_id=6 protocol_id=21 seq=0 status=0
            bash-1391  [003]   104.396509: scmi_xfer_begin:      transfer_id=1235 msg_id=6 protocol_id=21 seq=0 poll=0
            bash-1391  [003]   104.396574: scmi_xfer_end:        transfer_id=1235 msg_id=6 protocol_id=21 seq=0 status=0
            bash-1391  [003]   104.396751: scmi_xfer_begin:      transfer_id=1236 msg_id=6 protocol_id=21 seq=0 poll=0
            bash-1391  [003]   104.396815: scmi_xfer_end:        transfer_id=1236 msg_id=6 protocol_id=21 seq=0 status=0
            bash-1391  [003]   104.396992: scmi_xfer_begin:      transfer_id=1237 msg_id=6 protocol_id=21 seq=0 poll=0
          <idle>-0     [003]   104.397052: scmi_xfer_begin:      transfer_id=1238 msg_id=7 protocol_id=19 seq=1 poll=1
          <idle>-0     [003]   104.397106: scmi_xfer_end:        transfer_id=1238 msg_id=7 protocol_id=19 seq=1 status=0
            bash-1391  [003]   104.397119: scmi_xfer_end:        transfer_id=1237 msg_id=6 protocol_id=21 seq=0 status=0
            bash-1391  [003]   104.397525: scmi_xfer_begin:      transfer_id=1239 msg_id=6 protocol_id=21 seq=0 poll=0
            bash-1391  [003]   104.398021: scmi_xfer_end:        transfer_id=1239 msg_id=6 protocol_id=21 seq=0 status=0
            bash-1391  [003]   104.398337: scmi_xfer_begin:      transfer_id=1240 msg_id=6 protocol_id=21 seq=0 poll=0
            bash-1391  [003]   104.398757: scmi_xfer_end:        transfer_id=1240 msg_id=6 protocol_id=21 seq=0 status=0
            bash-1391  [003]   104.399056: scmi_xfer_begin:      transfer_id=1241 msg_id=6 protocol_id=21 seq=0 poll=0
 irq/14-mhu_link-190   [001]   104.399585: scmi_xfer_begin:      transfer_id=1242 msg_id=7 protocol_id=19 seq=1 poll=1
            bash-1391  [003]   104.399602: scmi_xfer_end:        transfer_id=1241 msg_id=6 protocol_id=21 seq=0 status=0
 irq/14-mhu_link-190   [001]   104.399638: scmi_xfer_end:        transfer_id=1242 msg_id=7 protocol_id=19 seq=1 status=0
            bash-1391  [003]   104.399909: scmi_xfer_begin:      transfer_id=1243 msg_id=6 protocol_id=21 seq=0 poll=0
            bash-1391  [003]   104.400298: scmi_xfer_end:        transfer_id=1243 msg_id=6 protocol_id=21 seq=0 status=0
            bash-1391  [003]   104.400609: scmi_xfer_begin:      transfer_id=1244 msg_id=6 protocol_id=21 seq=0 poll=0
            bash-1391  [003]   104.400884: scmi_xfer_end:        transfer_id=1244 msg_id=6 protocol_id=21 seq=0 status=0
            bash-1391  [003]   104.401212: scmi_xfer_begin:      transfer_id=1245 msg_id=6 protocol_id=21 seq=0 poll=0
            bash-1391  [003]   104.401297: scmi_xfer_end:        transfer_id=1245 msg_id=6 protocol_id=21 seq=0 status=0
            bash-1391  [003]   104.401644: scmi_xfer_begin:      transfer_id=1246 msg_id=6 protocol_id=21 seq=0 poll=0
            bash-1391  [003]   104.402066: scmi_xfer_end:        transfer_id=1246 msg_id=6 protocol_id=21 seq=0 status=0
          <idle>-0     [004]   104.409524: scmi_xfer_begin:      transfer_id=1247 msg_id=7 protocol_id=19 seq=0 poll=1
          <idle>-0     [004]   104.409588: scmi_xfer_end:        transfer_id=1247 msg_id=7 protocol_id=19 seq=0 status=0
          <idle>-0     [004]   104.425570: scmi_xfer_begin:      transfer_id=1248 msg_id=7 protocol_id=19 seq=0 poll=1
          <idle>-0     [004]   104.425629: scmi_xfer_end:        transfer_id=1248 msg_id=7 protocol_id=19 seq=0 status=0
   kworker/u12:1-51    [005]   104.964849: scmi_xfer_begin:      transfer_id=1249 msg_id=7 protocol_id=19 seq=0 poll=1
   kworker/u12:1-51    [005]   104.964918: scmi_xfer_end:        transfer_id=1249 msg_id=7 protocol_id=19 seq=0 status=0
        modprobe-1396  [000]   104.980292: scmi_xfer_begin:      transfer_id=1250 msg_id=7 protocol_id=19 seq=0 poll=1
        modprobe-1396  [000]   104.980355: scmi_xfer_end:        transfer_id=1250 msg_id=7 protocol_id=19 seq=0 status=0
   kworker/u12:7-210   [005]   104.990761: scmi_xfer_begin:      transfer_id=1251 msg_id=7 protocol_id=19 seq=0 poll=1
   kworker/u12:7-210   [005]   104.990826: scmi_xfer_end:        transfer_id=1251 msg_id=7 protocol_id=19 seq=0 status=0
        modprobe-1399  [000]   105.002118: scmi_xfer_begin:      transfer_id=1252 msg_id=7 protocol_id=19 seq=0 poll=1
        modprobe-1399  [000]   105.002178: scmi_xfer_end:        transfer_id=1252 msg_id=7 protocol_id=19 seq=0 status=0
          <idle>-0     [004]   105.408103: scmi_xfer_begin:      transfer_id=1253 msg_id=7 protocol_id=19 seq=0 poll=1
          <idle>-0     [004]   105.408171: scmi_xfer_end:        transfer_id=1253 msg_id=7 protocol_id=19 seq=0 status=0
            bash-1391  [003]   105.409919: scmi_xfer_begin:      transfer_id=1254 msg_id=6 protocol_id=21 seq=0 poll=0
          <idle>-0     [001]   105.410093: scmi_xfer_begin:      transfer_id=1255 msg_id=7 protocol_id=19 seq=1 poll=1
          <idle>-0     [001]   105.410152: scmi_xfer_end:        transfer_id=1255 msg_id=7 protocol_id=19 seq=1 status=0
            bash-1391  [003]   105.410210: scmi_xfer_end:        transfer_id=1254 msg_id=6 protocol_id=21 seq=0 status=0
            bash-1391  [003]   105.410407: scmi_xfer_begin:      transfer_id=1256 msg_id=6 protocol_id=21 seq=0 poll=0
            bash-1391  [003]   105.410743: scmi_xfer_end:        transfer_id=1256 msg_id=6 protocol_id=21 seq=0 status=0
            bash-1391  [003]   105.410923: scmi_xfer_begin:      transfer_id=1257 msg_id=6 protocol_id=21 seq=0 poll=0
            bash-1391  [003]   105.411275: scmi_xfer_end:        transfer_id=1257 msg_id=6 protocol_id=21 seq=0 status=0
            bash-1391  [003]   105.411467: scmi_xfer_begin:      transfer_id=1258 msg_id=6 protocol_id=21 seq=0 poll=0
            bash-1391  [003]   105.411796: scmi_xfer_end:        transfer_id=1258 msg_id=6 protocol_id=21 seq=0 status=0
            bash-1391  [003]   105.412013: scmi_xfer_begin:      transfer_id=1259 msg_id=6 protocol_id=21 seq=0 poll=0
            bash-1391  [003]   105.412608: scmi_xfer_end:        transfer_id=1259 msg_id=6 protocol_id=21 seq=0 status=0
            bash-1391  [003]   105.412786: scmi_xfer_begin:      transfer_id=1260 msg_id=6 protocol_id=21 seq=0 poll=0
            bash-1391  [003]   105.413463: scmi_xfer_end:        transfer_id=1260 msg_id=6 protocol_id=21 seq=0 status=0
            bash-1391  [003]   105.413638: scmi_xfer_begin:      transfer_id=1261 msg_id=6 protocol_id=21 seq=0 poll=0
            bash-1391  [003]   105.414301: scmi_xfer_end:        transfer_id=1261 msg_id=6 protocol_id=21 seq=0 status=0
            bash-1391  [003]   105.414484: scmi_xfer_begin:      transfer_id=1262 msg_id=6 protocol_id=21 seq=0 poll=0
            bash-1391  [003]   105.415092: scmi_xfer_end:        transfer_id=1262 msg_id=6 protocol_id=21 seq=0 status=0
            bash-1391  [003]   105.415302: scmi_xfer_begin:      transfer_id=1263 msg_id=6 protocol_id=21 seq=0 poll=0
            bash-1391  [003]   105.415498: scmi_xfer_end:        transfer_id=1263 msg_id=6 protocol_id=21 seq=0 status=0
            bash-1391  [003]   105.415677: scmi_xfer_begin:      transfer_id=1264 msg_id=6 protocol_id=21 seq=0 poll=0
            bash-1391  [003]   105.415903: scmi_xfer_end:        transfer_id=1264 msg_id=6 protocol_id=21 seq=0 status=0
            bash-1391  [003]   105.416077: scmi_xfer_begin:      transfer_id=1265 msg_id=6 protocol_id=21 seq=0 poll=0
            bash-1391  [003]   105.416309: scmi_xfer_end:        transfer_id=1265 msg_id=6 protocol_id=21 seq=0 status=0
            bash-1391  [003]   105.416486: scmi_xfer_begin:      transfer_id=1266 msg_id=6 protocol_id=21 seq=0 poll=0
            bash-1391  [003]   105.416714: scmi_xfer_end:        transfer_id=1266 msg_id=6 protocol_id=21 seq=0 status=0
            bash-1391  [003]   105.416931: scmi_xfer_begin:      transfer_id=1267 msg_id=6 protocol_id=21 seq=0 poll=0
            bash-1391  [003]   105.417123: scmi_xfer_end:        transfer_id=1267 msg_id=6 protocol_id=21 seq=0 status=0
            bash-1391  [003]   105.417297: scmi_xfer_begin:      transfer_id=1268 msg_id=6 protocol_id=21 seq=0 poll=0
            bash-1391  [003]   105.417363: scmi_xfer_end:        transfer_id=1268 msg_id=6 protocol_id=21 seq=0 status=0
            bash-1391  [003]   105.417564: scmi_xfer_begin:      transfer_id=1269 msg_id=6 protocol_id=21 seq=0 poll=0
            bash-1391  [003]   105.417650: scmi_xfer_end:        transfer_id=1269 msg_id=6 protocol_id=21 seq=0 status=0
            bash-1391  [003]   105.417828: scmi_xfer_begin:      transfer_id=1270 msg_id=6 protocol_id=21 seq=0 poll=0
            bash-1391  [003]   105.417893: scmi_xfer_end:        transfer_id=1270 msg_id=6 protocol_id=21 seq=0 status=0
            bash-1391  [003]   105.418103: scmi_xfer_begin:      transfer_id=1271 msg_id=6 protocol_id=21 seq=0 poll=0
          <idle>-0     [003]   105.418505: scmi_xfer_begin:      transfer_id=1272 msg_id=7 protocol_id=19 seq=1 poll=1
          <idle>-0     [003]   105.418559: scmi_xfer_end:        transfer_id=1272 msg_id=7 protocol_id=19 seq=1 status=0
            bash-1391  [003]   105.418571: scmi_xfer_end:        transfer_id=1271 msg_id=6 protocol_id=21 seq=0 status=0
            bash-1391  [003]   105.418885: scmi_xfer_begin:      transfer_id=1273 msg_id=6 protocol_id=21 seq=0 poll=0
            bash-1391  [003]   105.419341: scmi_xfer_end:        transfer_id=1273 msg_id=6 protocol_id=21 seq=0 status=0
            bash-1391  [003]   105.419639: scmi_xfer_begin:      transfer_id=1274 msg_id=6 protocol_id=21 seq=0 poll=0
 irq/14-mhu_link-190   [001]   105.420167: scmi_xfer_begin:      transfer_id=1275 msg_id=7 protocol_id=19 seq=1 poll=1
            bash-1391  [003]   105.420181: scmi_xfer_end:        transfer_id=1274 msg_id=6 protocol_id=21 seq=0 status=0
 irq/14-mhu_link-190   [001]   105.420220: scmi_xfer_end:        transfer_id=1275 msg_id=7 protocol_id=19 seq=1 status=0
            bash-1391  [003]   105.420480: scmi_xfer_begin:      transfer_id=1276 msg_id=6 protocol_id=21 seq=0 poll=0
            bash-1391  [003]   105.420883: scmi_xfer_end:        transfer_id=1276 msg_id=6 protocol_id=21 seq=0 status=0
            bash-1391  [003]   105.421193: scmi_xfer_begin:      transfer_id=1277 msg_id=6 protocol_id=21 seq=0 poll=0
            bash-1391  [003]   105.421278: scmi_xfer_end:        transfer_id=1277 msg_id=6 protocol_id=21 seq=0 status=0
            bash-1391  [003]   105.421653: scmi_xfer_begin:      transfer_id=1278 msg_id=6 protocol_id=21 seq=0 poll=0
            bash-1391  [003]   105.422093: scmi_xfer_end:        transfer_id=1278 msg_id=6 protocol_id=21 seq=0 status=0
            bash-1391  [003]   105.422402: scmi_xfer_begin:      transfer_id=1279 msg_id=6 protocol_id=21 seq=0 poll=0
            bash-1391  [003]   105.422678: scmi_xfer_end:        transfer_id=1279 msg_id=6 protocol_id=21 seq=0 status=0
          <idle>-0     [004]   105.429488: scmi_xfer_begin:      transfer_id=1280 msg_id=7 protocol_id=19 seq=0 poll=1
          <idle>-0     [004]   105.429552: scmi_xfer_end:        transfer_id=1280 msg_id=7 protocol_id=19 seq=0 status=0
     kworker/0:3-1180  [000]   105.909768: scmi_xfer_begin:      transfer_id=1281 msg_id=7 protocol_id=19 seq=0 poll=1
     kworker/0:3-1180  [000]   105.909831: scmi_xfer_end:        transfer_id=1281 msg_id=7 protocol_id=19 seq=0 status=0
          <idle>-0     [004]   106.428692: scmi_xfer_begin:      transfer_id=1282 msg_id=7 protocol_id=19 seq=0 poll=1
          <idle>-0     [004]   106.428759: scmi_xfer_end:        transfer_id=1282 msg_id=7 protocol_id=19 seq=0 status=0
            bash-1391  [003]   106.430480: scmi_xfer_begin:      transfer_id=1283 msg_id=6 protocol_id=21 seq=0 poll=0
          <idle>-0     [001]   106.430654: scmi_xfer_begin:      transfer_id=1284 msg_id=7 protocol_id=19 seq=1 poll=1
          <idle>-0     [001]   106.430712: scmi_xfer_end:        transfer_id=1284 msg_id=7 protocol_id=19 seq=1 status=0
            bash-1391  [003]   106.430771: scmi_xfer_end:        transfer_id=1283 msg_id=6 protocol_id=21 seq=0 status=0
            bash-1391  [003]   106.430969: scmi_xfer_begin:      transfer_id=1285 msg_id=6 protocol_id=21 seq=0 poll=0
            bash-1391  [003]   106.431304: scmi_xfer_end:        transfer_id=1285 msg_id=6 protocol_id=21 seq=0 status=0
            bash-1391  [003]   106.431491: scmi_xfer_begin:      transfer_id=1286 msg_id=6 protocol_id=21 seq=0 poll=0
            bash-1391  [003]   106.431836: scmi_xfer_end:        transfer_id=1286 msg_id=6 protocol_id=21 seq=0 status=0
            bash-1391  [003]   106.432013: scmi_xfer_begin:      transfer_id=1287 msg_id=6 protocol_id=21 seq=0 poll=0
            bash-1391  [003]   106.432356: scmi_xfer_end:        transfer_id=1287 msg_id=6 protocol_id=21 seq=0 status=0
            bash-1391  [003]   106.432562: scmi_xfer_begin:      transfer_id=1288 msg_id=6 protocol_id=21 seq=0 poll=0
            bash-1391  [003]   106.433169: scmi_xfer_end:        transfer_id=1288 msg_id=6 protocol_id=21 seq=0 status=0
            bash-1391  [003]   106.433392: scmi_xfer_begin:      transfer_id=1289 msg_id=6 protocol_id=21 seq=0 poll=0
            bash-1391  [003]   106.434162: scmi_xfer_end:        transfer_id=1289 msg_id=6 protocol_id=21 seq=0 status=0
            bash-1391  [003]   106.434339: scmi_xfer_begin:      transfer_id=1290 msg_id=6 protocol_id=21 seq=0 poll=0
            bash-1391  [003]   106.434971: scmi_xfer_end:        transfer_id=1290 msg_id=6 protocol_id=21 seq=0 status=0
            bash-1391  [003]   106.435146: scmi_xfer_begin:      transfer_id=1291 msg_id=6 protocol_id=21 seq=0 poll=0
            bash-1391  [003]   106.435764: scmi_xfer_end:        transfer_id=1291 msg_id=6 protocol_id=21 seq=0 status=0
            bash-1391  [003]   106.435967: scmi_xfer_begin:      transfer_id=1292 msg_id=6 protocol_id=21 seq=0 poll=0
            bash-1391  [003]   106.436169: scmi_xfer_end:        transfer_id=1292 msg_id=6 protocol_id=21 seq=0 status=0
            bash-1391  [003]   106.436345: scmi_xfer_begin:      transfer_id=1293 msg_id=6 protocol_id=21 seq=0 poll=0
            bash-1391  [003]   106.436576: scmi_xfer_end:        transfer_id=1293 msg_id=6 protocol_id=21 seq=0 status=0
            bash-1391  [003]   106.436751: scmi_xfer_begin:      transfer_id=1294 msg_id=6 protocol_id=21 seq=0 poll=0
            bash-1391  [003]   106.436980: scmi_xfer_end:        transfer_id=1294 msg_id=6 protocol_id=21 seq=0 status=0
            bash-1391  [003]   106.437156: scmi_xfer_begin:      transfer_id=1295 msg_id=6 protocol_id=21 seq=0 poll=0
            bash-1391  [003]   106.437398: scmi_xfer_end:        transfer_id=1295 msg_id=6 protocol_id=21 seq=0 status=0
            bash-1391  [003]   106.437618: scmi_xfer_begin:      transfer_id=1296 msg_id=6 protocol_id=21 seq=0 poll=0
            bash-1391  [003]   106.437845: scmi_xfer_end:        transfer_id=1296 msg_id=6 protocol_id=21 seq=0 status=0
            bash-1391  [003]   106.438025: scmi_xfer_begin:      transfer_id=1297 msg_id=6 protocol_id=21 seq=0 poll=0
            bash-1391  [003]   106.438262: scmi_xfer_end:        transfer_id=1297 msg_id=6 protocol_id=21 seq=0 status=0
            bash-1391  [003]   106.438440: scmi_xfer_begin:      transfer_id=1298 msg_id=6 protocol_id=21 seq=0 poll=0
            bash-1391  [003]   106.438507: scmi_xfer_end:        transfer_id=1298 msg_id=6 protocol_id=21 seq=0 status=0
            bash-1391  [003]   106.438689: scmi_xfer_begin:      transfer_id=1299 msg_id=6 protocol_id=21 seq=0 poll=0
          <idle>-0     [003]   106.438751: scmi_xfer_begin:      transfer_id=1300 msg_id=7 protocol_id=19 seq=1 poll=1
          <idle>-0     [003]   106.438805: scmi_xfer_end:        transfer_id=1300 msg_id=7 protocol_id=19 seq=1 status=0
            bash-1391  [003]   106.438817: scmi_xfer_end:        transfer_id=1299 msg_id=6 protocol_id=21 seq=0 status=0
            bash-1391  [003]   106.439192: scmi_xfer_begin:      transfer_id=1301 msg_id=6 protocol_id=21 seq=0 poll=0
            bash-1391  [003]   106.439609: scmi_xfer_end:        transfer_id=1301 msg_id=6 protocol_id=21 seq=0 status=0
            bash-1391  [003]   106.439915: scmi_xfer_begin:      transfer_id=1302 msg_id=6 protocol_id=21 seq=0 poll=0
            bash-1391  [003]   106.440334: scmi_xfer_end:        transfer_id=1302 msg_id=6 protocol_id=21 seq=0 status=0
            bash-1391  [003]   106.440631: scmi_xfer_begin:      transfer_id=1303 msg_id=6 protocol_id=21 seq=0 poll=0
 irq/14-mhu_link-190   [001]   106.441031: scmi_xfer_begin:      transfer_id=1304 msg_id=7 protocol_id=19 seq=1 poll=1
            bash-1391  [003]   106.441050: scmi_xfer_end:        transfer_id=1303 msg_id=6 protocol_id=21 seq=0 status=0
 irq/14-mhu_link-190   [001]   106.441084: scmi_xfer_end:        transfer_id=1304 msg_id=7 protocol_id=19 seq=1 status=0
            bash-1391  [003]   106.441380: scmi_xfer_begin:      transfer_id=1305 msg_id=6 protocol_id=21 seq=0 poll=0
            bash-1391  [003]   106.441781: scmi_xfer_end:        transfer_id=1305 msg_id=6 protocol_id=21 seq=0 status=0
            bash-1391  [003]   106.442092: scmi_xfer_begin:      transfer_id=1306 msg_id=6 protocol_id=21 seq=0 poll=0
            bash-1391  [003]   106.442366: scmi_xfer_end:        transfer_id=1306 msg_id=6 protocol_id=21 seq=0 status=0
            bash-1391  [003]   106.442676: scmi_xfer_begin:      transfer_id=1307 msg_id=6 protocol_id=21 seq=0 poll=0
            bash-1391  [003]   106.442947: scmi_xfer_end:        transfer_id=1307 msg_id=6 protocol_id=21 seq=0 status=0
            bash-1391  [003]   106.443253: scmi_xfer_begin:      transfer_id=1308 msg_id=6 protocol_id=21 seq=0 poll=0
            bash-1391  [003]   106.443536: scmi_xfer_end:        transfer_id=1308 msg_id=6 protocol_id=21 seq=0 status=0
           sleep-1401  [004]   106.449303: scmi_xfer_begin:      transfer_id=1309 msg_id=7 protocol_id=19 seq=0 poll=1
           sleep-1401  [004]   106.449366: scmi_xfer_end:        transfer_id=1309 msg_id=7 protocol_id=19 seq=0 status=0
          <idle>-0     [004]   106.465340: scmi_xfer_begin:      transfer_id=1310 msg_id=7 protocol_id=19 seq=0 poll=1
          <idle>-0     [004]   106.465446: scmi_xfer_end:        transfer_id=1310 msg_id=7 protocol_id=19 seq=0 status=0
          <idle>-0     [004]   107.449657: scmi_xfer_begin:      transfer_id=1311 msg_id=7 protocol_id=19 seq=0 poll=1
          <idle>-0     [004]   107.449725: scmi_xfer_end:        transfer_id=1311 msg_id=7 protocol_id=19 seq=0 status=0
            bash-1391  [003]   107.451392: scmi_xfer_begin:      transfer_id=1312 msg_id=6 protocol_id=21 seq=0 poll=0
          <idle>-0     [001]   107.451565: scmi_xfer_begin:      transfer_id=1313 msg_id=7 protocol_id=19 seq=1 poll=1
          <idle>-0     [001]   107.451624: scmi_xfer_end:        transfer_id=1313 msg_id=7 protocol_id=19 seq=1 status=0
            bash-1391  [003]   107.451682: scmi_xfer_end:        transfer_id=1312 msg_id=6 protocol_id=21 seq=0 status=0
            bash-1391  [003]   107.451878: scmi_xfer_begin:      transfer_id=1314 msg_id=6 protocol_id=21 seq=0 poll=0
            bash-1391  [003]   107.452216: scmi_xfer_end:        transfer_id=1314 msg_id=6 protocol_id=21 seq=0 status=0
            bash-1391  [003]   107.452408: scmi_xfer_begin:      transfer_id=1315 msg_id=6 protocol_id=21 seq=0 poll=0
            bash-1391  [003]   107.452749: scmi_xfer_end:        transfer_id=1315 msg_id=6 protocol_id=21 seq=0 status=0
            bash-1391  [003]   107.452925: scmi_xfer_begin:      transfer_id=1316 msg_id=6 protocol_id=21 seq=0 poll=0
            bash-1391  [003]   107.453278: scmi_xfer_end:        transfer_id=1316 msg_id=6 protocol_id=21 seq=0 status=0
            bash-1391  [003]   107.453497: scmi_xfer_begin:      transfer_id=1317 msg_id=6 protocol_id=21 seq=0 poll=0
            bash-1391  [003]   107.454089: scmi_xfer_end:        transfer_id=1317 msg_id=6 protocol_id=21 seq=0 status=0
            bash-1391  [003]   107.454271: scmi_xfer_begin:      transfer_id=1318 msg_id=6 protocol_id=21 seq=0 poll=0
            bash-1391  [003]   107.454930: scmi_xfer_end:        transfer_id=1318 msg_id=6 protocol_id=21 seq=0 status=0
            bash-1391  [003]   107.455103: scmi_xfer_begin:      transfer_id=1319 msg_id=6 protocol_id=21 seq=0 poll=0
            bash-1391  [003]   107.455739: scmi_xfer_end:        transfer_id=1319 msg_id=6 protocol_id=21 seq=0 status=0
            bash-1391  [003]   107.455915: scmi_xfer_begin:      transfer_id=1320 msg_id=6 protocol_id=21 seq=0 poll=0
            bash-1391  [003]   107.456531: scmi_xfer_end:        transfer_id=1320 msg_id=6 protocol_id=21 seq=0 status=0
            bash-1391  [003]   107.456745: scmi_xfer_begin:      transfer_id=1321 msg_id=6 protocol_id=21 seq=0 poll=0
            bash-1391  [003]   107.456936: scmi_xfer_end:        transfer_id=1321 msg_id=6 protocol_id=21 seq=0 status=0
            bash-1391  [003]   107.457134: scmi_xfer_begin:      transfer_id=1322 msg_id=6 protocol_id=21 seq=0 poll=0
            bash-1391  [003]   107.457375: scmi_xfer_end:        transfer_id=1322 msg_id=6 protocol_id=21 seq=0 status=0
            bash-1391  [003]   107.457556: scmi_xfer_begin:      transfer_id=1323 msg_id=6 protocol_id=21 seq=0 poll=0
            bash-1391  [003]   107.457782: scmi_xfer_end:        transfer_id=1323 msg_id=6 protocol_id=21 seq=0 status=0
            bash-1391  [003]   107.457960: scmi_xfer_begin:      transfer_id=1324 msg_id=6 protocol_id=21 seq=0 poll=0
            bash-1391  [003]   107.458186: scmi_xfer_end:        transfer_id=1324 msg_id=6 protocol_id=21 seq=0 status=0
            bash-1391  [003]   107.458397: scmi_xfer_begin:      transfer_id=1325 msg_id=6 protocol_id=21 seq=0 poll=0
            bash-1391  [003]   107.458593: scmi_xfer_end:        transfer_id=1325 msg_id=6 protocol_id=21 seq=0 status=0
            bash-1391  [003]   107.458768: scmi_xfer_begin:      transfer_id=1326 msg_id=6 protocol_id=21 seq=0 poll=0
            bash-1391  [003]   107.458998: scmi_xfer_end:        transfer_id=1326 msg_id=6 protocol_id=21 seq=0 status=0
            bash-1391  [003]   107.459179: scmi_xfer_begin:      transfer_id=1327 msg_id=6 protocol_id=21 seq=0 poll=0
            bash-1391  [003]   107.459245: scmi_xfer_end:        transfer_id=1327 msg_id=6 protocol_id=21 seq=0 status=0
            bash-1391  [003]   107.459422: scmi_xfer_begin:      transfer_id=1328 msg_id=6 protocol_id=21 seq=0 poll=0
            bash-1391  [003]   107.459488: scmi_xfer_end:        transfer_id=1328 msg_id=6 protocol_id=21 seq=0 status=0
            bash-1391  [003]   107.459701: scmi_xfer_begin:      transfer_id=1329 msg_id=6 protocol_id=21 seq=0 poll=0
          <idle>-0     [003]   107.460103: scmi_xfer_begin:      transfer_id=1330 msg_id=7 protocol_id=19 seq=1 poll=1
          <idle>-0     [003]   107.460156: scmi_xfer_end:        transfer_id=1330 msg_id=7 protocol_id=19 seq=1 status=0
            bash-1391  [003]   107.460169: scmi_xfer_end:        transfer_id=1329 msg_id=6 protocol_id=21 seq=0 status=0
            bash-1391  [003]   107.460483: scmi_xfer_begin:      transfer_id=1331 msg_id=6 protocol_id=21 seq=0 poll=0
            bash-1391  [003]   107.460939: scmi_xfer_end:        transfer_id=1331 msg_id=6 protocol_id=21 seq=0 status=0
            bash-1391  [003]   107.461281: scmi_xfer_begin:      transfer_id=1332 msg_id=6 protocol_id=21 seq=0 poll=0
 irq/14-mhu_link-190   [001]   107.461983: scmi_xfer_begin:      transfer_id=1333 msg_id=7 protocol_id=19 seq=1 poll=1
            bash-1391  [003]   107.462000: scmi_xfer_end:        transfer_id=1332 msg_id=6 protocol_id=21 seq=0 status=0
 irq/14-mhu_link-190   [001]   107.462036: scmi_xfer_end:        transfer_id=1333 msg_id=7 protocol_id=19 seq=1 status=0
            bash-1391  [003]   107.462300: scmi_xfer_begin:      transfer_id=1334 msg_id=6 protocol_id=21 seq=0 poll=0
            bash-1391  [003]   107.462695: scmi_xfer_end:        transfer_id=1334 msg_id=6 protocol_id=21 seq=0 status=0
            bash-1391  [003]   107.463001: scmi_xfer_begin:      transfer_id=1335 msg_id=6 protocol_id=21 seq=0 poll=0
            bash-1391  [003]   107.463280: scmi_xfer_end:        transfer_id=1335 msg_id=6 protocol_id=21 seq=0 status=0
            bash-1391  [003]   107.463590: scmi_xfer_begin:      transfer_id=1336 msg_id=6 protocol_id=21 seq=0 poll=0
            bash-1391  [003]   107.463859: scmi_xfer_end:        transfer_id=1336 msg_id=6 protocol_id=21 seq=0 status=0
            bash-1391  [003]   107.464158: scmi_xfer_begin:      transfer_id=1337 msg_id=6 protocol_id=21 seq=0 poll=0
            bash-1391  [003]   107.464445: scmi_xfer_end:        transfer_id=1337 msg_id=6 protocol_id=21 seq=0 status=0
           sleep-1402  [004]   107.470202: scmi_xfer_begin:      transfer_id=1338 msg_id=7 protocol_id=19 seq=0 poll=1
           sleep-1402  [004]   107.470266: scmi_xfer_end:        transfer_id=1338 msg_id=7 protocol_id=19 seq=0 status=0
          <idle>-0     [004]   107.489219: scmi_xfer_begin:      transfer_id=1339 msg_id=7 protocol_id=19 seq=0 poll=1
          <idle>-0     [004]   107.489319: scmi_xfer_end:        transfer_id=1339 msg_id=7 protocol_id=19 seq=0 status=0
          <idle>-0     [004]   108.470298: scmi_xfer_begin:      transfer_id=1340 msg_id=7 protocol_id=19 seq=0 poll=1
          <idle>-0     [004]   108.470366: scmi_xfer_end:        transfer_id=1340 msg_id=7 protocol_id=19 seq=0 status=0
            bash-1391  [003]   108.472032: scmi_xfer_begin:      transfer_id=1341 msg_id=6 protocol_id=21 seq=0 poll=0
          <idle>-0     [001]   108.472213: scmi_xfer_begin:      transfer_id=1342 msg_id=7 protocol_id=19 seq=1 poll=1
          <idle>-0     [001]   108.472271: scmi_xfer_end:        transfer_id=1342 msg_id=7 protocol_id=19 seq=1 status=0
            bash-1391  [003]   108.472331: scmi_xfer_end:        transfer_id=1341 msg_id=6 protocol_id=21 seq=0 status=0
            bash-1391  [003]   108.472529: scmi_xfer_begin:      transfer_id=1343 msg_id=6 protocol_id=21 seq=0 poll=0
            bash-1391  [003]   108.472865: scmi_xfer_end:        transfer_id=1343 msg_id=6 protocol_id=21 seq=0 status=0
            bash-1391  [003]   108.473119: scmi_xfer_begin:      transfer_id=1344 msg_id=6 protocol_id=21 seq=0 poll=0
            bash-1391  [003]   108.473607: scmi_xfer_end:        transfer_id=1344 msg_id=6 protocol_id=21 seq=0 status=0
            bash-1391  [003]   108.473801: scmi_xfer_begin:      transfer_id=1345 msg_id=6 protocol_id=21 seq=0 poll=0
            bash-1391  [003]   108.474013: scmi_xfer_end:        transfer_id=1345 msg_id=6 protocol_id=21 seq=0 status=0
            bash-1391  [003]   108.474229: scmi_xfer_begin:      transfer_id=1346 msg_id=6 protocol_id=21 seq=0 poll=0
            bash-1391  [003]   108.474825: scmi_xfer_end:        transfer_id=1346 msg_id=6 protocol_id=21 seq=0 status=0
            bash-1391  [003]   108.475013: scmi_xfer_begin:      transfer_id=1347 msg_id=6 protocol_id=21 seq=0 poll=0
            bash-1391  [003]   108.475662: scmi_xfer_end:        transfer_id=1347 msg_id=6 protocol_id=21 seq=0 status=0
            bash-1391  [003]   108.475834: scmi_xfer_begin:      transfer_id=1348 msg_id=6 protocol_id=21 seq=0 poll=0
            bash-1391  [003]   108.476472: scmi_xfer_end:        transfer_id=1348 msg_id=6 protocol_id=21 seq=0 status=0
            bash-1391  [003]   108.476647: scmi_xfer_begin:      transfer_id=1349 msg_id=6 protocol_id=21 seq=0 poll=0
            bash-1391  [003]   108.477263: scmi_xfer_end:        transfer_id=1349 msg_id=6 protocol_id=21 seq=0 status=0
            bash-1391  [003]   108.477472: scmi_xfer_begin:      transfer_id=1350 msg_id=6 protocol_id=21 seq=0 poll=0
            bash-1391  [003]   108.477668: scmi_xfer_end:        transfer_id=1350 msg_id=6 protocol_id=21 seq=0 status=0
            bash-1391  [003]   108.477848: scmi_xfer_begin:      transfer_id=1351 msg_id=6 protocol_id=21 seq=0 poll=0
            bash-1391  [003]   108.478073: scmi_xfer_end:        transfer_id=1351 msg_id=6 protocol_id=21 seq=0 status=0
            bash-1391  [003]   108.478248: scmi_xfer_begin:      transfer_id=1352 msg_id=6 protocol_id=21 seq=0 poll=0
            bash-1391  [003]   108.478479: scmi_xfer_end:        transfer_id=1352 msg_id=6 protocol_id=21 seq=0 status=0
            bash-1391  [003]   108.478656: scmi_xfer_begin:      transfer_id=1353 msg_id=6 protocol_id=21 seq=0 poll=0
            bash-1391  [003]   108.478883: scmi_xfer_end:        transfer_id=1353 msg_id=6 protocol_id=21 seq=0 status=0
            bash-1391  [003]   108.479095: scmi_xfer_begin:      transfer_id=1354 msg_id=6 protocol_id=21 seq=0 poll=0
            bash-1391  [003]   108.479291: scmi_xfer_end:        transfer_id=1354 msg_id=6 protocol_id=21 seq=0 status=0
            bash-1391  [003]   108.479466: scmi_xfer_begin:      transfer_id=1355 msg_id=6 protocol_id=21 seq=0 poll=0
            bash-1391  [003]   108.479697: scmi_xfer_end:        transfer_id=1355 msg_id=6 protocol_id=21 seq=0 status=0
            bash-1391  [003]   108.479873: scmi_xfer_begin:      transfer_id=1356 msg_id=6 protocol_id=21 seq=0 poll=0
            bash-1391  [003]   108.479939: scmi_xfer_end:        transfer_id=1356 msg_id=6 protocol_id=21 seq=0 status=0
            bash-1391  [003]   108.480119: scmi_xfer_begin:      transfer_id=1357 msg_id=6 protocol_id=21 seq=0 poll=0
            bash-1391  [003]   108.480184: scmi_xfer_end:        transfer_id=1357 msg_id=6 protocol_id=21 seq=0 status=0
            bash-1391  [003]   108.480397: scmi_xfer_begin:      transfer_id=1358 msg_id=6 protocol_id=21 seq=0 poll=0
          <idle>-0     [003]   108.480798: scmi_xfer_begin:      transfer_id=1359 msg_id=7 protocol_id=19 seq=1 poll=1
          <idle>-0     [003]   108.480851: scmi_xfer_end:        transfer_id=1359 msg_id=7 protocol_id=19 seq=1 status=0
            bash-1391  [003]   108.480864: scmi_xfer_end:        transfer_id=1358 msg_id=6 protocol_id=21 seq=0 status=0
            bash-1391  [003]   108.481192: scmi_xfer_begin:      transfer_id=1360 msg_id=6 protocol_id=21 seq=0 poll=0
            bash-1391  [003]   108.481826: scmi_xfer_end:        transfer_id=1360 msg_id=6 protocol_id=21 seq=0 status=0
            bash-1391  [003]   108.482133: scmi_xfer_begin:      transfer_id=1361 msg_id=6 protocol_id=21 seq=0 poll=0
 irq/14-mhu_link-190   [001]   108.482661: scmi_xfer_begin:      transfer_id=1362 msg_id=7 protocol_id=19 seq=1 poll=1
            bash-1391  [003]   108.482678: scmi_xfer_end:        transfer_id=1361 msg_id=6 protocol_id=21 seq=0 status=0
 irq/14-mhu_link-190   [001]   108.482715: scmi_xfer_end:        transfer_id=1362 msg_id=7 protocol_id=19 seq=1 status=0
            bash-1391  [003]   108.482979: scmi_xfer_begin:      transfer_id=1363 msg_id=6 protocol_id=21 seq=0 poll=0
            bash-1391  [003]   108.483372: scmi_xfer_end:        transfer_id=1363 msg_id=6 protocol_id=21 seq=0 status=0
            bash-1391  [003]   108.483688: scmi_xfer_begin:      transfer_id=1364 msg_id=6 protocol_id=21 seq=0 poll=0
            bash-1391  [003]   108.483957: scmi_xfer_end:        transfer_id=1364 msg_id=6 protocol_id=21 seq=0 status=0
            bash-1391  [003]   108.484267: scmi_xfer_begin:      transfer_id=1365 msg_id=6 protocol_id=21 seq=0 poll=0
            bash-1391  [003]   108.484538: scmi_xfer_end:        transfer_id=1365 msg_id=6 protocol_id=21 seq=0 status=0
            bash-1391  [003]   108.484835: scmi_xfer_begin:      transfer_id=1366 msg_id=6 protocol_id=21 seq=0 poll=0
            bash-1391  [003]   108.485153: scmi_xfer_end:        transfer_id=1366 msg_id=6 protocol_id=21 seq=0 status=0
           sleep-1403  [004]   108.491061: scmi_xfer_begin:      transfer_id=1367 msg_id=7 protocol_id=19 seq=0 poll=1
           sleep-1403  [004]   108.491124: scmi_xfer_end:        transfer_id=1367 msg_id=7 protocol_id=19 seq=0 status=0
          <idle>-0     [004]   108.509030: scmi_xfer_begin:      transfer_id=1368 msg_id=7 protocol_id=19 seq=0 poll=1
          <idle>-0     [004]   108.509136: scmi_xfer_end:        transfer_id=1368 msg_id=7 protocol_id=19 seq=0 status=0
          <idle>-0     [004]   109.491168: scmi_xfer_begin:      transfer_id=1369 msg_id=7 protocol_id=19 seq=0 poll=1
          <idle>-0     [004]   109.491236: scmi_xfer_end:        transfer_id=1369 msg_id=7 protocol_id=19 seq=0 status=0
            bash-1391  [003]   109.493024: scmi_xfer_begin:      transfer_id=1370 msg_id=6 protocol_id=21 seq=0 poll=0
          <idle>-0     [001]   109.493198: scmi_xfer_begin:      transfer_id=1371 msg_id=7 protocol_id=19 seq=1 poll=1
          <idle>-0     [001]   109.493256: scmi_xfer_end:        transfer_id=1371 msg_id=7 protocol_id=19 seq=1 status=0
            bash-1391  [003]   109.493317: scmi_xfer_end:        transfer_id=1370 msg_id=6 protocol_id=21 seq=0 status=0
            bash-1391  [003]   109.493516: scmi_xfer_begin:      transfer_id=1372 msg_id=6 protocol_id=21 seq=0 poll=0
            bash-1391  [003]   109.493850: scmi_xfer_end:        transfer_id=1372 msg_id=6 protocol_id=21 seq=0 status=0
            bash-1391  [003]   109.494045: scmi_xfer_begin:      transfer_id=1373 msg_id=6 protocol_id=21 seq=0 poll=0
            bash-1391  [003]   109.494381: scmi_xfer_end:        transfer_id=1373 msg_id=6 protocol_id=21 seq=0 status=0
            bash-1391  [003]   109.494558: scmi_xfer_begin:      transfer_id=1374 msg_id=6 protocol_id=21 seq=0 poll=0
            bash-1391  [003]   109.494899: scmi_xfer_end:        transfer_id=1374 msg_id=6 protocol_id=21 seq=0 status=0
            bash-1391  [003]   109.495119: scmi_xfer_begin:      transfer_id=1375 msg_id=6 protocol_id=21 seq=0 poll=0
            bash-1391  [003]   109.495710: scmi_xfer_end:        transfer_id=1375 msg_id=6 protocol_id=21 seq=0 status=0
